Magma V2.29-4     Mon Jun  8 2026 12:43:08 on mordell  [Seed = 2134091161]
Type ? for help.  Type <Ctrl>-D to quit.

Loading startup file "distinct_levels_direct_final_candidates.m"

Loading "pairs_for_direct_check.m"
Loading "AL_identifiers.m"
Loading "quot_genus.m"
Loading "ribet_isog.m"
Loading "isog_utils.m"
Loading "AL_identifiers.m"
Loading "quot_genus.m"
Loading "ribet_isog.m"
Loading "PPV_tables_6_7.m"
[* 14, 1, 1, 42, 1,
    [],
    [ 2, 3 ]
*]
Decomp 1..
Decomp 2..
Decomps done.
isogenous :  true
[* 14, 1, 1, 42, 1,
    [],
    [ 2, 21 ]
*]
Decomp 1..
Decomp 2..
Decomps done.
isogenous :  true
[* 14, 1, 1, 42, 1,
    [ 7 ],
    [ 2, 3 ]
*]
Decomp 1..
Decomp 2..
Decomps done.
isogenous :  true
[* 14, 1, 1, 42, 1,
    [ 7 ],
    [ 2, 21 ]
*]
Decomp 1..
Decomp 2..
Decomps done.
isogenous :  true
[* 14, 1, 1, 70, 1,
    [],
    [ 2, 35 ]
*]
Decomp 1..
Decomp 2..
Decomps done.
isogenous :  true
[* 14, 1, 1, 70, 1,
    [ 7 ],
    [ 2, 35 ]
*]
Decomp 1..
Decomp 2..
Decomps done.
isogenous :  true
[* 15, 1, 1, 30, 1,
    [],
    [ 6 ]
*]
Decomp 1..
Decomp 2..
Decomps done.
isogenous :  true
[* 15, 1, 1, 30, 1,
    [],
    [ 30 ]
*]
Decomp 1..
Decomp 2..
Decomps done.
isogenous :  true
[* 15, 1, 1, 30, 1,
    [],
    [ 2, 3 ]
*]
Decomp 1..
Decomp 2..
Decomps done.
isogenous :  true
[* 15, 1, 1, 30, 1,
    [],
    [ 3, 10 ]
*]
Decomp 1..
Decomp 2..
Decomps done.
isogenous :  true
[* 15, 1, 1, 30, 1,
    [ 5 ],
    [ 6 ]
*]
Decomp 1..
Decomp 2..
Decomps done.
isogenous :  true
[* 15, 1, 1, 30, 1,
    [ 5 ],
    [ 30 ]
*]
Decomp 1..
Decomp 2..
Decomps done.
isogenous :  true
[* 15, 1, 1, 30, 1,
    [ 5 ],
    [ 2, 3 ]
*]
Decomp 1..
Decomp 2..
Decomps done.
isogenous :  true
[* 15, 1, 1, 30, 1,
    [ 5 ],
    [ 3, 10 ]
*]
Decomp 1..
Decomp 2..
Decomps done.
isogenous :  true
[* 15, 1, 1, 105, 1,
    [],
    [ 3, 35 ]
*]
Decomp 1..
Decomp 2..
Decomps done.
isogenous :  true
[* 15, 1, 1, 105, 1,
    [ 5 ],
    [ 3, 35 ]
*]
Decomp 1..
Decomp 2..
Decomps done.
isogenous :  true
[* 21, 1, 1, 42, 1,
    [],
    [ 14 ]
*]
Decomp 1..
Decomp 2..
Decomps done.
isogenous :  true
[* 21, 1, 1, 42, 1,
    [],
    [ 2, 7 ]
*]
Decomp 1..
Decomp 2..
Decomps done.
isogenous :  true
[* 21, 1, 1, 42, 1,
    [],
    [ 6, 7 ]
*]
Decomp 1..
Decomp 2..
Decomps done.
isogenous :  true
[* 21, 1, 1, 42, 1,
    [ 3 ],
    [ 14 ]
*]
Decomp 1..
Decomp 2..
Decomps done.
isogenous :  true
[* 21, 1, 1, 42, 1,
    [ 3 ],
    [ 2, 7 ]
*]
Decomp 1..
Decomp 2..
Decomps done.
isogenous :  true
[* 21, 1, 1, 42, 1,
    [ 3 ],
    [ 6, 7 ]
*]
Decomp 1..
Decomp 2..
Decomps done.
isogenous :  true
[* 21, 1, 1, 105, 1,
    [],
    [ 5, 7 ]
*]
Decomp 1..
Decomp 2..
Decomps done.
isogenous :  true
[* 21, 1, 1, 105, 1,
    [ 3 ],
    [ 5, 7 ]
*]
Decomp 1..
Decomp 2..
Decomps done.
isogenous :  true
[* 26, 1, 1, 78, 1,
    [ 2 ],
    [ 3, 13 ]
*]
Decomp 1..
Decomp 2..
Decomps done.
isogenous :  true
[* 26, 1, 1, 78, 1,
    [ 13 ],
    [ 2, 39 ]
*]
Decomp 1..
Decomp 2..
Decomps done.
isogenous :  true
[* 26, 1, 1, 78, 2,
    [],
    [ 39 ]
*]
Decomp 1..
Decomp 2..
Decomps done.
isogenous :  true
[* 26, 15, 1, 26, 2,
    [ 6, 65 ],
    []
*]
Decomp 1..
Decomp 2..
Decomps done.
isogenous :  true
[* 26, 1, 26, 15, 2,
    [],
    [ 6, 65 ]
*]
Decomp 1..
Decomp 2..
Decomps done.
isogenous :  true
[* 15, 7, 1, 30, 1,
    [ 7 ],
    [ 6 ]
*]
Decomp 1..
Decomp 2..
Decomps done.
isogenous :  true
[* 15, 7, 1, 30, 1,
    [ 105 ],
    [ 6 ]
*]
Decomp 1..
Decomp 2..
Decomps done.
isogenous :  true
[* 15, 7, 1, 30, 1,
    [ 5, 7 ],
    [ 6 ]
*]
Decomp 1..
Decomp 2..
Decomps done.
isogenous :  true
[* 15, 7, 1, 30, 1,
    [ 5, 21 ],
    [ 6 ]
*]
Decomp 1..
Decomp 2..
Decomps done.
isogenous :  true
[* 15, 7, 1, 30, 1,
    [ 7 ],
    [ 30 ]
*]
Decomp 1..
Decomp 2..
Decomps done.
isogenous :  true
[* 15, 7, 1, 30, 1,
    [ 105 ],
    [ 30 ]
*]
Decomp 1..
Decomp 2..
Decomps done.
isogenous :  true
[* 15, 7, 1, 30, 1,
    [ 5, 7 ],
    [ 30 ]
*]
Decomp 1..
Decomp 2..
Decomps done.
isogenous :  true
[* 15, 7, 1, 30, 1,
    [ 5, 21 ],
    [ 30 ]
*]
Decomp 1..
Decomp 2..
Decomps done.
isogenous :  true
[* 15, 7, 1, 30, 1,
    [ 7 ],
    [ 2, 3 ]
*]
Decomp 1..
Decomp 2..
Decomps done.
isogenous :  true
[* 15, 7, 1, 30, 1,
    [ 105 ],
    [ 2, 3 ]
*]
Decomp 1..
Decomp 2..
Decomps done.
isogenous :  true
[* 15, 7, 1, 30, 1,
    [ 5, 7 ],
    [ 2, 3 ]
*]
Decomp 1..
Decomp 2..
Decomps done.
isogenous :  true
[* 15, 7, 1, 30, 1,
    [ 5, 21 ],
    [ 2, 3 ]
*]
Decomp 1..
Decomp 2..
Decomps done.
isogenous :  true
[* 15, 7, 1, 30, 1,
    [ 7 ],
    [ 3, 10 ]
*]
Decomp 1..
Decomp 2..
Decomps done.
isogenous :  true
[* 15, 7, 1, 30, 1,
    [ 105 ],
    [ 3, 10 ]
*]
Decomp 1..
Decomp 2..
Decomps done.
isogenous :  true
[* 15, 7, 1, 30, 1,
    [ 5, 7 ],
    [ 3, 10 ]
*]
Decomp 1..
Decomp 2..
Decomps done.
isogenous :  true
[* 15, 7, 1, 30, 1,
    [ 5, 21 ],
    [ 3, 10 ]
*]
Decomp 1..
Decomp 2..
Decomps done.
isogenous :  true
[* 15, 2, 1, 105, 1,
    [ 10 ],
    [ 3, 35 ]
*]
Decomp 1..
Decomp 2..
Decomps done.
isogenous :  true
[* 15, 2, 1, 105, 1,
    [ 30 ],
    [ 3, 35 ]
*]
Decomp 1..
Decomp 2..
Decomps done.
isogenous :  true
[* 15, 2, 1, 105, 1,
    [ 2, 5 ],
    [ 3, 35 ]
*]
Decomp 1..
Decomp 2..
Decomps done.
isogenous :  true
[* 15, 2, 1, 105, 1,
    [ 5, 6 ],
    [ 3, 35 ]
*]
Decomp 1..
Decomp 2..
Decomps done.
isogenous :  true
[* 15, 11, 1, 30, 1,
    [ 55 ],
    [ 6 ]
*]
Decomp 1..
Decomp 2..
Decomps done.
isogenous :  true
done  50  out of  661  candidates 
 -----------------
[* 15, 11, 1, 30, 1,
    [ 5, 11 ],
    [ 6 ]
*]
Decomp 1..
Decomp 2..
Decomps done.
isogenous :  true
[* 15, 11, 1, 30, 1,
    [ 5, 33 ],
    [ 6 ]
*]
Decomp 1..
Decomp 2..
Decomps done.
isogenous :  true
[* 15, 11, 1, 30, 1,
    [ 55 ],
    [ 30 ]
*]
Decomp 1..
Decomp 2..
Decomps done.
isogenous :  true
[* 15, 11, 1, 30, 1,
    [ 5, 11 ],
    [ 30 ]
*]
Decomp 1..
Decomp 2..
Decomps done.
isogenous :  true
[* 15, 11, 1, 30, 1,
    [ 5, 33 ],
    [ 30 ]
*]
Decomp 1..
Decomp 2..
Decomps done.
isogenous :  true
[* 15, 11, 1, 30, 1,
    [ 55 ],
    [ 2, 3 ]
*]
Decomp 1..
Decomp 2..
Decomps done.
isogenous :  true
[* 15, 11, 1, 30, 1,
    [ 5, 11 ],
    [ 2, 3 ]
*]
Decomp 1..
Decomp 2..
Decomps done.
isogenous :  true
[* 15, 11, 1, 30, 1,
    [ 5, 33 ],
    [ 2, 3 ]
*]
Decomp 1..
Decomp 2..
Decomps done.
isogenous :  true
[* 15, 11, 1, 30, 1,
    [ 55 ],
    [ 3, 10 ]
*]
Decomp 1..
Decomp 2..
Decomps done.
isogenous :  true
[* 15, 11, 1, 30, 1,
    [ 5, 11 ],
    [ 3, 10 ]
*]
Decomp 1..
Decomp 2..
Decomps done.
isogenous :  true
[* 15, 11, 1, 30, 1,
    [ 5, 33 ],
    [ 3, 10 ]
*]
Decomp 1..
Decomp 2..
Decomps done.
isogenous :  true
[* 15, 13, 1, 30, 1,
    [ 195 ],
    [ 6 ]
*]
Decomp 1..
Decomp 2..
Decomps done.
isogenous :  true
[* 15, 13, 1, 30, 1,
    [ 5, 39 ],
    [ 6 ]
*]
Decomp 1..
Decomp 2..
Decomps done.
isogenous :  true
[* 15, 13, 1, 30, 1,
    [ 195 ],
    [ 30 ]
*]
Decomp 1..
Decomp 2..
Decomps done.
isogenous :  true
[* 15, 13, 1, 30, 1,
    [ 5, 39 ],
    [ 30 ]
*]
Decomp 1..
Decomp 2..
Decomps done.
isogenous :  true
[* 15, 13, 1, 30, 1,
    [ 195 ],
    [ 2, 3 ]
*]
Decomp 1..
Decomp 2..
Decomps done.
isogenous :  true
[* 15, 13, 1, 30, 1,
    [ 5, 39 ],
    [ 2, 3 ]
*]
Decomp 1..
Decomp 2..
Decomps done.
isogenous :  true
[* 15, 13, 1, 30, 1,
    [ 195 ],
    [ 3, 10 ]
*]
Decomp 1..
Decomp 2..
Decomps done.
isogenous :  true
[* 15, 13, 1, 30, 1,
    [ 5, 39 ],
    [ 3, 10 ]
*]
Decomp 1..
Decomp 2..
Decomps done.
isogenous :  true
[* 15, 14, 1, 30, 1,
    [ 2, 3, 7 ],
    [ 5 ]
*]
Decomp 1..
Decomp 2..
Decomps done.
isogenous :  true
[* 15, 14, 1, 30, 1,
    [ 2, 3, 35 ],
    [ 5 ]
*]
Decomp 1..
Decomp 2..
Decomps done.
isogenous :  true
[* 15, 14, 1, 30, 1,
    [ 7, 10 ],
    [ 6 ]
*]
Decomp 1..
Decomp 2..
Decomps done.
isogenous :  true
[* 15, 14, 1, 30, 1,
    [ 2, 5, 7 ],
    [ 6 ]
*]
Decomp 1..
Decomp 2..
Decomps done.
isogenous :  true
[* 15, 14, 1, 30, 1,
    [ 2, 5, 21 ],
    [ 6 ]
*]
Decomp 1..
Decomp 2..
Decomps done.
isogenous :  true
[* 15, 14, 1, 30, 1,
    [ 5, 6, 7 ],
    [ 6 ]
*]
Decomp 1..
Decomp 2..
Decomps done.
isogenous :  true
[* 15, 14, 1, 30, 1,
    [ 7, 10 ],
    [ 30 ]
*]
Decomp 1..
Decomp 2..
Decomps done.
isogenous :  true
[* 15, 14, 1, 30, 1,
    [ 2, 5, 7 ],
    [ 30 ]
*]
Decomp 1..
Decomp 2..
Decomps done.
isogenous :  true
[* 15, 14, 1, 30, 1,
    [ 2, 5, 21 ],
    [ 30 ]
*]
Decomp 1..
Decomp 2..
Decomps done.
isogenous :  true
[* 15, 14, 1, 30, 1,
    [ 5, 6, 7 ],
    [ 30 ]
*]
Decomp 1..
Decomp 2..
Decomps done.
isogenous :  true
[* 15, 14, 1, 30, 1,
    [ 7, 10 ],
    [ 2, 3 ]
*]
Decomp 1..
Decomp 2..
Decomps done.
isogenous :  true
[* 15, 14, 1, 30, 1,
    [ 2, 5, 7 ],
    [ 2, 3 ]
*]
Decomp 1..
Decomp 2..
Decomps done.
isogenous :  true
[* 15, 14, 1, 30, 1,
    [ 2, 5, 21 ],
    [ 2, 3 ]
*]
Decomp 1..
Decomp 2..
Decomps done.
isogenous :  true
[* 15, 14, 1, 30, 1,
    [ 5, 6, 7 ],
    [ 2, 3 ]
*]
Decomp 1..
Decomp 2..
Decomps done.
isogenous :  true
[* 15, 14, 1, 30, 1,
    [ 2, 3, 7 ],
    [ 2, 5 ]
*]
Decomp 1..
Decomp 2..
Decomps done.
isogenous :  true
[* 15, 14, 1, 30, 1,
    [ 2, 3, 35 ],
    [ 2, 5 ]
*]
Decomp 1..
Decomp 2..
Decomps done.
isogenous :  true
[* 15, 14, 1, 30, 1,
    [ 7, 10 ],
    [ 3, 10 ]
*]
Decomp 1..
Decomp 2..
Decomps done.
isogenous :  true
[* 15, 14, 1, 30, 1,
    [ 2, 5, 7 ],
    [ 3, 10 ]
*]
Decomp 1..
Decomp 2..
Decomps done.
isogenous :  true
[* 15, 14, 1, 30, 1,
    [ 2, 5, 21 ],
    [ 3, 10 ]
*]
Decomp 1..
Decomp 2..
Decomps done.
isogenous :  true
[* 15, 14, 1, 30, 1,
    [ 5, 6, 7 ],
    [ 3, 10 ]
*]
Decomp 1..
Decomp 2..
Decomps done.
isogenous :  true
[* 15, 14, 1, 30, 2,
    [ 6, 7 ],
    [ 2 ]
*]
Decomp 1..
Decomp 2..
Decomps done.
isogenous :  true
[* 15, 14, 1, 30, 2,
    [ 6, 7 ],
    [ 10 ]
*]
Decomp 1..
Decomp 2..
Decomps done.
isogenous :  true
[* 6, 35, 1, 30, 1,
    [ 3, 70 ],
    [ 5 ]
*]
Decomp 1..
Decomp 2..
Decomps done.
isogenous :  true
[* 6, 35, 1, 30, 1,
    [ 5, 21 ],
    [ 5 ]
*]
Decomp 1..
Decomp 2..
Decomps done.
isogenous :  true
[* 6, 35, 1, 30, 1,
    [ 3, 5, 7 ],
    [ 5 ]
*]
Decomp 1..
Decomp 2..
Decomps done.
isogenous :  true
[* 6, 35, 1, 30, 1,
    [ 3, 5, 14 ],
    [ 5 ]
*]
Decomp 1..
Decomp 2..
Decomps done.
isogenous :  true
[* 6, 35, 1, 30, 1,
    [ 3, 70 ],
    [ 2, 5 ]
*]
Decomp 1..
Decomp 2..
Decomps done.
isogenous :  true
[* 6, 35, 1, 30, 1,
    [ 5, 21 ],
    [ 2, 5 ]
*]
Decomp 1..
Decomp 2..
Decomps done.
isogenous :  true
[* 6, 35, 1, 30, 1,
    [ 3, 5, 7 ],
    [ 2, 5 ]
*]
Decomp 1..
Decomp 2..
Decomps done.
isogenous :  true
[* 6, 35, 1, 30, 1,
    [ 3, 5, 14 ],
    [ 2, 5 ]
*]
Decomp 1..
Decomp 2..
Decomps done.
isogenous :  true
[* 10, 21, 1, 30, 1,
    [ 6, 35 ],
    [ 5 ]
*]
Decomp 1..
Decomp 2..
Decomps done.
isogenous :  true
done  100  out of  661  candidates 
 -----------------
[* 10, 21, 1, 30, 1,
    [ 10, 42 ],
    [ 5 ]
*]
Decomp 1..
Decomp 2..
Decomps done.
isogenous :  true
[* 10, 21, 1, 30, 1,
    [ 6, 7, 10 ],
    [ 5 ]
*]
Decomp 1..
Decomp 2..
Decomps done.
isogenous :  true
[* 10, 21, 1, 30, 1,
    [ 6, 10, 14 ],
    [ 5 ]
*]
Decomp 1..
Decomp 2..
Decomps done.
isogenous :  true
[* 10, 21, 1, 30, 1,
    [ 6, 35 ],
    [ 2, 5 ]
*]
Decomp 1..
Decomp 2..
Decomps done.
isogenous :  true
[* 10, 21, 1, 30, 1,
    [ 10, 42 ],
    [ 2, 5 ]
*]
Decomp 1..
Decomp 2..
Decomps done.
isogenous :  true
[* 10, 21, 1, 30, 1,
    [ 6, 7, 10 ],
    [ 2, 5 ]
*]
Decomp 1..
Decomp 2..
Decomps done.
isogenous :  true
[* 10, 21, 1, 30, 1,
    [ 6, 10, 14 ],
    [ 2, 5 ]
*]
Decomp 1..
Decomp 2..
Decomps done.
isogenous :  true
[* 15, 2, 15, 14, 2,
    [ 2 ],
    [ 6, 7 ]
*]
Decomp 1..
Decomp 2..
Decomps done.
isogenous :  true
[* 15, 2, 15, 14, 2,
    [ 6 ],
    [ 6, 7 ]
*]
Decomp 1..
Decomp 2..
Decomps done.
isogenous :  true
[* 15, 17, 1, 30, 1,
    [ 255 ],
    [ 6 ]
*]
Decomp 1..
Decomp 2..
Decomps done.
isogenous :  true
[* 15, 17, 1, 30, 1,
    [ 5, 51 ],
    [ 6 ]
*]
Decomp 1..
Decomp 2..
Decomps done.
isogenous :  true
[* 15, 17, 1, 30, 1,
    [ 255 ],
    [ 30 ]
*]
Decomp 1..
Decomp 2..
Decomps done.
isogenous :  true
[* 15, 17, 1, 30, 1,
    [ 5, 51 ],
    [ 30 ]
*]
Decomp 1..
Decomp 2..
Decomps done.
isogenous :  true
[* 15, 17, 1, 30, 1,
    [ 255 ],
    [ 2, 3 ]
*]
Decomp 1..
Decomp 2..
Decomps done.
isogenous :  true
[* 15, 17, 1, 30, 1,
    [ 5, 51 ],
    [ 2, 3 ]
*]
Decomp 1..
Decomp 2..
Decomps done.
isogenous :  true
[* 15, 17, 1, 30, 1,
    [ 255 ],
    [ 3, 10 ]
*]
Decomp 1..
Decomp 2..
Decomps done.
isogenous :  true
[* 15, 17, 1, 30, 1,
    [ 5, 51 ],
    [ 3, 10 ]
*]
Decomp 1..
Decomp 2..
Decomps done.
isogenous :  true
[* 15, 19, 1, 30, 1,
    [ 5, 57 ],
    [ 6 ]
*]
Decomp 1..
Decomp 2..
Decomps done.
isogenous :  true
[* 15, 19, 1, 30, 1,
    [ 5, 57 ],
    [ 30 ]
*]
Decomp 1..
Decomp 2..
Decomps done.
isogenous :  true
[* 15, 19, 1, 30, 1,
    [ 5, 57 ],
    [ 2, 3 ]
*]
Decomp 1..
Decomp 2..
Decomps done.
isogenous :  true
[* 15, 19, 1, 30, 1,
    [ 5, 57 ],
    [ 3, 10 ]
*]
Decomp 1..
Decomp 2..
Decomps done.
isogenous :  true
[* 15, 22, 1, 30, 1,
    [ 2, 3, 55 ],
    [ 5 ]
*]
Decomp 1..
Decomp 2..
Decomps done.
isogenous :  true
[* 15, 22, 1, 30, 1,
    [ 10, 22 ],
    [ 6 ]
*]
Decomp 1..
Decomp 2..
Decomps done.
isogenous :  true
[* 15, 22, 1, 30, 1,
    [ 2, 5, 11 ],
    [ 6 ]
*]
Decomp 1..
Decomp 2..
Decomps done.
isogenous :  true
[* 15, 22, 1, 30, 1,
    [ 5, 6, 11 ],
    [ 6 ]
*]
Decomp 1..
Decomp 2..
Decomps done.
isogenous :  true
[* 15, 22, 1, 30, 1,
    [ 10, 22 ],
    [ 30 ]
*]
Decomp 1..
Decomp 2..
Decomps done.
isogenous :  true
[* 15, 22, 1, 30, 1,
    [ 2, 5, 11 ],
    [ 30 ]
*]
Decomp 1..
Decomp 2..
Decomps done.
isogenous :  true
[* 15, 22, 1, 30, 1,
    [ 5, 6, 11 ],
    [ 30 ]
*]
Decomp 1..
Decomp 2..
Decomps done.
isogenous :  true
[* 15, 22, 1, 30, 1,
    [ 10, 22 ],
    [ 2, 3 ]
*]
Decomp 1..
Decomp 2..
Decomps done.
isogenous :  true
[* 15, 22, 1, 30, 1,
    [ 2, 5, 11 ],
    [ 2, 3 ]
*]
Decomp 1..
Decomp 2..
Decomps done.
isogenous :  true
[* 15, 22, 1, 30, 1,
    [ 5, 6, 11 ],
    [ 2, 3 ]
*]
Decomp 1..
Decomp 2..
Decomps done.
isogenous :  true
[* 15, 22, 1, 30, 1,
    [ 2, 3, 55 ],
    [ 2, 5 ]
*]
Decomp 1..
Decomp 2..
Decomps done.
isogenous :  true
[* 15, 22, 1, 30, 1,
    [ 10, 22 ],
    [ 3, 10 ]
*]
Decomp 1..
Decomp 2..
Decomps done.
isogenous :  true
[* 15, 22, 1, 30, 1,
    [ 2, 5, 11 ],
    [ 3, 10 ]
*]
Decomp 1..
Decomp 2..
Decomps done.
isogenous :  true
[* 15, 22, 1, 30, 1,
    [ 5, 6, 11 ],
    [ 3, 10 ]
*]
Decomp 1..
Decomp 2..
Decomps done.
isogenous :  true
[* 15, 22, 1, 30, 2,
    [ 6, 55 ],
    [ 2 ]
*]
Decomp 1..
Decomp 2..
Decomps done.
isogenous :  true
[* 15, 22, 1, 30, 2,
    [ 6, 55 ],
    [ 10 ]
*]
Decomp 1..
Decomp 2..
Decomps done.
isogenous :  true
[* 6, 55, 1, 30, 1,
    [ 5, 66 ],
    [ 5 ]
*]
Decomp 1..
Decomp 2..
Decomps done.
isogenous :  true
[* 6, 55, 1, 30, 1,
    [ 3, 5, 22 ],
    [ 5 ]
*]
Decomp 1..
Decomp 2..
Decomps done.
isogenous :  true
[* 6, 55, 1, 30, 1,
    [ 5, 66 ],
    [ 2, 5 ]
*]
Decomp 1..
Decomp 2..
Decomps done.
isogenous :  true
[* 6, 55, 1, 30, 1,
    [ 3, 5, 22 ],
    [ 2, 5 ]
*]
Decomp 1..
Decomp 2..
Decomps done.
isogenous :  true
[* 10, 33, 1, 30, 1,
    [ 6, 110 ],
    [ 5 ]
*]
Decomp 1..
Decomp 2..
Decomps done.
isogenous :  true
[* 10, 33, 1, 30, 1,
    [ 6, 10, 11 ],
    [ 5 ]
*]
Decomp 1..
Decomp 2..
Decomps done.
isogenous :  true
[* 10, 33, 1, 30, 1,
    [ 6, 110 ],
    [ 2, 5 ]
*]
Decomp 1..
Decomp 2..
Decomps done.
isogenous :  true
[* 10, 33, 1, 30, 1,
    [ 6, 10, 11 ],
    [ 2, 5 ]
*]
Decomp 1..
Decomp 2..
Decomps done.
isogenous :  true
[* 15, 2, 15, 22, 2,
    [ 2 ],
    [ 6, 55 ]
*]
Decomp 1..
Decomp 2..
Decomps done.
isogenous :  true
[* 15, 2, 15, 22, 2,
    [ 6 ],
    [ 6, 55 ]
*]
Decomp 1..
Decomp 2..
Decomps done.
isogenous :  true
[* 15, 26, 1, 30, 1,
    [ 2, 3, 65 ],
    [ 5 ]
*]
Decomp 1..
Decomp 2..
Decomps done.
isogenous :  true
[* 15, 26, 1, 30, 1,
    [ 2, 5, 39 ],
    [ 6 ]
*]
Decomp 1..
Decomp 2..
Decomps done.
isogenous :  true
[* 15, 26, 1, 30, 1,
    [ 2, 5, 39 ],
    [ 30 ]
*]
Decomp 1..
Decomp 2..
Decomps done.
isogenous :  true
done  150  out of  661  candidates 
 -----------------
[* 15, 26, 1, 30, 1,
    [ 2, 5, 39 ],
    [ 2, 3 ]
*]
Decomp 1..
Decomp 2..
Decomps done.
isogenous :  true
[* 15, 26, 1, 30, 1,
    [ 2, 3, 65 ],
    [ 2, 5 ]
*]
Decomp 1..
Decomp 2..
Decomps done.
isogenous :  true
[* 15, 26, 1, 30, 1,
    [ 2, 5, 39 ],
    [ 3, 10 ]
*]
Decomp 1..
Decomp 2..
Decomps done.
isogenous :  true
[* 6, 65, 1, 30, 1,
    [ 3, 130 ],
    [ 5 ]
*]
Decomp 1..
Decomp 2..
Decomps done.
isogenous :  true
[* 6, 65, 1, 30, 1,
    [ 3, 5, 26 ],
    [ 5 ]
*]
Decomp 1..
Decomp 2..
Decomps done.
isogenous :  true
[* 6, 65, 1, 30, 1,
    [ 3, 130 ],
    [ 2, 5 ]
*]
Decomp 1..
Decomp 2..
Decomps done.
isogenous :  true
[* 6, 65, 1, 30, 1,
    [ 3, 5, 26 ],
    [ 2, 5 ]
*]
Decomp 1..
Decomp 2..
Decomps done.
isogenous :  true
[* 10, 39, 1, 30, 1,
    [ 6, 65 ],
    [ 5 ]
*]
Decomp 1..
Decomp 2..
Decomps done.
isogenous :  true
[* 10, 39, 1, 30, 1,
    [ 6, 10, 26 ],
    [ 5 ]
*]
Decomp 1..
Decomp 2..
Decomps done.
isogenous :  true
[* 10, 39, 1, 30, 1,
    [ 6, 65 ],
    [ 2, 5 ]
*]
Decomp 1..
Decomp 2..
Decomps done.
isogenous :  true
[* 10, 39, 1, 30, 1,
    [ 6, 10, 26 ],
    [ 2, 5 ]
*]
Decomp 1..
Decomp 2..
Decomps done.
isogenous :  true
[* 15, 29, 1, 30, 1,
    [ 5, 87 ],
    [ 6 ]
*]
Decomp 1..
Decomp 2..
Decomps done.
isogenous :  true
[* 15, 29, 1, 30, 1,
    [ 5, 87 ],
    [ 30 ]
*]
Decomp 1..
Decomp 2..
Decomps done.
isogenous :  true
[* 15, 29, 1, 30, 1,
    [ 5, 87 ],
    [ 2, 3 ]
*]
Decomp 1..
Decomp 2..
Decomps done.
isogenous :  true
[* 15, 29, 1, 30, 1,
    [ 5, 87 ],
    [ 3, 10 ]
*]
Decomp 1..
Decomp 2..
Decomps done.
isogenous :  true
[* 15, 34, 1, 30, 1,
    [ 2, 3, 85 ],
    [ 5 ]
*]
Decomp 1..
Decomp 2..
Decomps done.
isogenous :  true
[* 15, 34, 1, 30, 1,
    [ 2, 5, 51 ],
    [ 6 ]
*]
Decomp 1..
Decomp 2..
Decomps done.
isogenous :  true
[* 15, 34, 1, 30, 1,
    [ 2, 5, 51 ],
    [ 30 ]
*]
Decomp 1..
Decomp 2..
Decomps done.
isogenous :  true
[* 15, 34, 1, 30, 1,
    [ 2, 5, 51 ],
    [ 2, 3 ]
*]
Decomp 1..
Decomp 2..
Decomps done.
isogenous :  true
[* 15, 34, 1, 30, 1,
    [ 2, 3, 85 ],
    [ 2, 5 ]
*]
Decomp 1..
Decomp 2..
Decomps done.
isogenous :  true
[* 15, 34, 1, 30, 1,
    [ 2, 5, 51 ],
    [ 3, 10 ]
*]
Decomp 1..
Decomp 2..
Decomps done.
isogenous :  true
[* 15, 34, 1, 30, 2,
    [ 2, 255 ],
    [ 2 ]
*]
Decomp 1..
Decomp 2..
Decomps done.
isogenous :  true
[* 15, 34, 1, 30, 2,
    [ 2, 255 ],
    [ 10 ]
*]
Decomp 1..
Decomp 2..
Decomps done.
isogenous :  true
[* 6, 85, 1, 30, 1,
    [ 15, 34 ],
    [ 5 ]
*]
Decomp 1..
Decomp 2..
Decomps done.
isogenous :  true
[* 6, 85, 1, 30, 1,
    [ 3, 5, 34 ],
    [ 5 ]
*]
Decomp 1..
Decomp 2..
Decomps done.
isogenous :  true
[* 6, 85, 1, 30, 1,
    [ 15, 34 ],
    [ 2, 5 ]
*]
Decomp 1..
Decomp 2..
Decomps done.
isogenous :  true
[* 6, 85, 1, 30, 1,
    [ 3, 5, 34 ],
    [ 2, 5 ]
*]
Decomp 1..
Decomp 2..
Decomps done.
isogenous :  true
[* 10, 51, 1, 30, 1,
    [ 6, 10, 17 ],
    [ 5 ]
*]
Decomp 1..
Decomp 2..
Decomps done.
isogenous :  true
[* 10, 51, 1, 30, 1,
    [ 6, 10, 17 ],
    [ 2, 5 ]
*]
Decomp 1..
Decomp 2..
Decomps done.
isogenous :  true
[* 15, 2, 15, 34, 2,
    [ 2 ],
    [ 2, 255 ]
*]
Decomp 1..
Decomp 2..
Decomps done.
isogenous :  true
[* 15, 2, 15, 34, 2,
    [ 6 ],
    [ 2, 255 ]
*]
Decomp 1..
Decomp 2..
Decomps done.
isogenous :  true
[* 6, 95, 1, 30, 1,
    [ 3, 5, 38 ],
    [ 5 ]
*]
Decomp 1..
Decomp 2..
Decomps done.
isogenous :  true
[* 6, 95, 1, 30, 1,
    [ 3, 5, 38 ],
    [ 2, 5 ]
*]
Decomp 1..
Decomp 2..
Decomps done.
isogenous :  true
[* 10, 57, 1, 30, 1,
    [ 6, 10, 38 ],
    [ 5 ]
*]
Decomp 1..
Decomp 2..
Decomps done.
isogenous :  true
[* 10, 57, 1, 30, 1,
    [ 6, 10, 38 ],
    [ 2, 5 ]
*]
Decomp 1..
Decomp 2..
Decomps done.
isogenous :  true
[* 15, 41, 1, 30, 1,
    [ 5, 123 ],
    [ 6 ]
*]
Decomp 1..
Decomp 2..
Decomps done.
isogenous :  true
[* 15, 41, 1, 30, 1,
    [ 5, 123 ],
    [ 30 ]
*]
Decomp 1..
Decomp 2..
Decomps done.
isogenous :  true
[* 15, 41, 1, 30, 1,
    [ 5, 123 ],
    [ 2, 3 ]
*]
Decomp 1..
Decomp 2..
Decomps done.
isogenous :  true
[* 15, 41, 1, 30, 1,
    [ 5, 123 ],
    [ 3, 10 ]
*]
Decomp 1..
Decomp 2..
Decomps done.
isogenous :  true
[* 10, 69, 1, 30, 1,
    [ 6, 10, 23 ],
    [ 5 ]
*]
Decomp 1..
Decomp 2..
Decomps done.
isogenous :  true
[* 10, 69, 1, 30, 1,
    [ 6, 10, 23 ],
    [ 2, 5 ]
*]
Decomp 1..
Decomp 2..
Decomps done.
isogenous :  true
[* 6, 155, 1, 30, 1,
    [ 3, 5, 62 ],
    [ 5 ]
*]
Decomp 1..
Decomp 2..
Decomps done.
isogenous :  true
[* 6, 155, 1, 30, 1,
    [ 3, 5, 62 ],
    [ 2, 5 ]
*]
Decomp 1..
Decomp 2..
Decomps done.
isogenous :  true
[* 10, 93, 1, 30, 1,
    [ 6, 10, 62 ],
    [ 5 ]
*]
Decomp 1..
Decomp 2..
Decomps done.
isogenous :  true
[* 10, 93, 1, 30, 1,
    [ 6, 10, 62 ],
    [ 2, 5 ]
*]
Decomp 1..
Decomp 2..
Decomps done.
isogenous :  true
[* 35, 1, 1, 70, 1,
    [ 7 ],
    [ 5, 14 ]
*]
Decomp 1..
Decomp 2..
Decomps done.
isogenous :  true
[* 35, 1, 1, 70, 3,
    [],
    [ 14 ]
*]
Decomp 1..
Decomp 2..
Decomps done.
isogenous :  true
[* 35, 1, 1, 70, 2,
    [ 5 ],
    [ 2, 7 ]
*]
Decomp 1..
Decomp 2..
Decomps done.
isogenous :  true
[* 35, 1, 1, 70, 2,
    [ 5 ],
    [ 7, 10 ]
*]
Decomp 1..
Decomp 2..
Decomps done.
isogenous :  true
[* 35, 1, 1, 105, 1,
    [ 7 ],
    [ 5, 21 ]
*]
Decomp 1..
Decomp 2..
Decomps done.
isogenous :  true
done  200  out of  661  candidates 
 -----------------
[* 35, 6, 1, 35, 2,
    [ 2, 3, 5 ],
    [ 7 ]
*]
Decomp 1..
Decomp 2..
Decomps done.
isogenous :  true
[* 35, 6, 1, 35, 2,
    [ 2, 5, 21 ],
    [ 7 ]
*]
Decomp 1..
Decomp 2..
Decomps done.
isogenous :  true
[* 35, 6, 1, 35, 2,
    [ 3, 5, 14 ],
    [ 7 ]
*]
Decomp 1..
Decomp 2..
Decomps done.
isogenous :  true
[* 35, 6, 1, 35, 3,
    [ 2, 15 ],
    []
*]
Decomp 1..
Decomp 2..
Decomps done.
isogenous :  true
[* 35, 1, 35, 6, 3,
    [],
    [ 2, 15 ]
*]
Decomp 1..
Decomp 2..
Decomps done.
isogenous :  true
[* 35, 1, 35, 6, 2,
    [ 5 ],
    [ 2, 3, 5 ]
*]
Decomp 1..
Decomp 2..
Decomps done.
isogenous :  true
[* 35, 1, 35, 6, 2,
    [ 5 ],
    [ 2, 5, 21 ]
*]
Decomp 1..
Decomp 2..
Decomps done.
isogenous :  true
[* 35, 1, 35, 6, 2,
    [ 5 ],
    [ 3, 5, 14 ]
*]
Decomp 1..
Decomp 2..
Decomps done.
isogenous :  true
[* 39, 1, 1, 78, 1,
    [ 13 ],
    [ 3, 26 ]
*]
Decomp 1..
Decomp 2..
Decomps done.
isogenous :  true
[* 39, 1, 1, 78, 3,
    [],
    [ 26 ]
*]
Decomp 1..
Decomp 2..
Decomps done.
isogenous :  true
[* 39, 1, 1, 78, 2,
    [ 3 ],
    [ 2, 13 ]
*]
Decomp 1..
Decomp 2..
Decomps done.
isogenous :  true
[* 39, 10, 1, 39, 2,
    [ 2, 3, 65 ],
    [ 13 ]
*]
Decomp 1..
Decomp 2..
Decomps done.
isogenous :  true
[* 39, 1, 39, 10, 2,
    [ 3 ],
    [ 2, 3, 65 ]
*]
Decomp 1..
Decomp 2..
Decomps done.
isogenous :  true
[* 14, 5, 1, 42, 1,
    [ 35 ],
    [ 2, 3 ]
*]
Decomp 1..
Decomp 2..
Decomps done.
isogenous :  true
[* 14, 5, 1, 42, 1,
    [ 70 ],
    [ 2, 3 ]
*]
Decomp 1..
Decomp 2..
Decomps done.
isogenous :  true
[* 14, 5, 1, 42, 1,
    [ 5, 7 ],
    [ 2, 3 ]
*]
Decomp 1..
Decomp 2..
Decomps done.
isogenous :  true
[* 14, 5, 1, 42, 1,
    [ 7, 10 ],
    [ 2, 3 ]
*]
Decomp 1..
Decomp 2..
Decomps done.
isogenous :  true
[* 14, 5, 1, 42, 1,
    [ 35 ],
    [ 2, 21 ]
*]
Decomp 1..
Decomp 2..
Decomps done.
isogenous :  true
[* 14, 5, 1, 42, 1,
    [ 70 ],
    [ 2, 21 ]
*]
Decomp 1..
Decomp 2..
Decomps done.
isogenous :  true
[* 14, 5, 1, 42, 1,
    [ 5, 7 ],
    [ 2, 21 ]
*]
Decomp 1..
Decomp 2..
Decomps done.
isogenous :  true
[* 14, 5, 1, 42, 1,
    [ 7, 10 ],
    [ 2, 21 ]
*]
Decomp 1..
Decomp 2..
Decomps done.
isogenous :  true
[* 14, 3, 1, 70, 1,
    [ 21 ],
    [ 2, 35 ]
*]
Decomp 1..
Decomp 2..
Decomps done.
isogenous :  true
[* 14, 3, 1, 70, 1,
    [ 42 ],
    [ 2, 35 ]
*]
Decomp 1..
Decomp 2..
Decomps done.
isogenous :  true
[* 14, 3, 1, 70, 1,
    [ 3, 7 ],
    [ 2, 35 ]
*]
Decomp 1..
Decomp 2..
Decomps done.
isogenous :  true
[* 14, 3, 1, 70, 1,
    [ 6, 7 ],
    [ 2, 35 ]
*]
Decomp 1..
Decomp 2..
Decomps done.
isogenous :  true
[* 14, 3, 14, 5, 2,
    [ 7 ],
    [ 7 ]
*]
Decomp 1..
Decomp 2..
Decomps done.
isogenous :  true
[* 21, 5, 1, 42, 1,
    [ 15 ],
    [ 14 ]
*]
Decomp 1..
Decomp 2..
Decomps done.
isogenous :  true
[* 21, 5, 1, 42, 1,
    [ 105 ],
    [ 14 ]
*]
Decomp 1..
Decomp 2..
Decomps done.
isogenous :  true
[* 21, 5, 1, 42, 1,
    [ 3, 5 ],
    [ 14 ]
*]
Decomp 1..
Decomp 2..
Decomps done.
isogenous :  true
[* 21, 5, 1, 42, 1,
    [ 3, 35 ],
    [ 14 ]
*]
Decomp 1..
Decomp 2..
Decomps done.
isogenous :  true
[* 21, 5, 1, 42, 1,
    [ 15 ],
    [ 2, 7 ]
*]
Decomp 1..
Decomp 2..
Decomps done.
isogenous :  true
[* 21, 5, 1, 42, 1,
    [ 105 ],
    [ 2, 7 ]
*]
Decomp 1..
Decomp 2..
Decomps done.
isogenous :  true
[* 21, 5, 1, 42, 1,
    [ 3, 5 ],
    [ 2, 7 ]
*]
Decomp 1..
Decomp 2..
Decomps done.
isogenous :  true
[* 21, 5, 1, 42, 1,
    [ 3, 35 ],
    [ 2, 7 ]
*]
Decomp 1..
Decomp 2..
Decomps done.
isogenous :  true
[* 21, 5, 1, 42, 1,
    [ 15 ],
    [ 6, 7 ]
*]
Decomp 1..
Decomp 2..
Decomps done.
isogenous :  true
[* 21, 5, 1, 42, 1,
    [ 105 ],
    [ 6, 7 ]
*]
Decomp 1..
Decomp 2..
Decomps done.
isogenous :  true
[* 21, 5, 1, 42, 1,
    [ 3, 5 ],
    [ 6, 7 ]
*]
Decomp 1..
Decomp 2..
Decomps done.
isogenous :  true
[* 21, 5, 1, 42, 1,
    [ 3, 35 ],
    [ 6, 7 ]
*]
Decomp 1..
Decomp 2..
Decomps done.
isogenous :  true
[* 21, 2, 1, 105, 1,
    [ 2 ],
    [ 5, 7 ]
*]
Decomp 1..
Decomp 2..
Decomps done.
isogenous :  true
[* 21, 2, 1, 105, 1,
    [ 42 ],
    [ 5, 7 ]
*]
Decomp 1..
Decomp 2..
Decomps done.
isogenous :  true
[* 21, 2, 1, 105, 1,
    [ 2, 3 ],
    [ 5, 7 ]
*]
Decomp 1..
Decomp 2..
Decomps done.
isogenous :  true
[* 21, 2, 1, 105, 1,
    [ 3, 14 ],
    [ 5, 7 ]
*]
Decomp 1..
Decomp 2..
Decomps done.
isogenous :  true
[* 14, 11, 1, 42, 1,
    [ 7, 11 ],
    [ 2, 3 ]
*]
Decomp 1..
Decomp 2..
Decomps done.
isogenous :  true
[* 14, 11, 1, 42, 1,
    [ 7, 22 ],
    [ 2, 3 ]
*]
Decomp 1..
Decomp 2..
Decomps done.
isogenous :  true
[* 14, 11, 1, 42, 1,
    [ 7, 11 ],
    [ 2, 21 ]
*]
Decomp 1..
Decomp 2..
Decomps done.
isogenous :  true
[* 14, 11, 1, 42, 1,
    [ 7, 22 ],
    [ 2, 21 ]
*]
Decomp 1..
Decomp 2..
Decomps done.
isogenous :  true
[* 14, 13, 1, 42, 1,
    [ 182 ],
    [ 2, 3 ]
*]
Decomp 1..
Decomp 2..
Decomps done.
isogenous :  true
[* 14, 13, 1, 42, 1,
    [ 7, 26 ],
    [ 2, 3 ]
*]
Decomp 1..
Decomp 2..
Decomps done.
isogenous :  true
[* 14, 13, 1, 42, 1,
    [ 182 ],
    [ 2, 21 ]
*]
Decomp 1..
Decomp 2..
Decomps done.
isogenous :  true
[* 14, 13, 1, 42, 1,
    [ 7, 26 ],
    [ 2, 21 ]
*]
Decomp 1..
Decomp 2..
Decomps done.
isogenous :  true
done  250  out of  661  candidates 
 -----------------
[* 6, 35, 1, 42, 1,
    [ 2, 105 ],
    [ 3, 7 ]
*]
Decomp 1..
Decomp 2..
Decomps done.
isogenous :  true
[* 6, 35, 1, 42, 1,
    [ 7, 10 ],
    [ 3, 7 ]
*]
Decomp 1..
Decomp 2..
Decomps done.
isogenous :  true
[* 6, 35, 1, 42, 1,
    [ 2, 5, 7 ],
    [ 3, 7 ]
*]
Decomp 1..
Decomp 2..
Decomps done.
isogenous :  true
[* 6, 35, 1, 42, 1,
    [ 2, 7, 15 ],
    [ 3, 7 ]
*]
Decomp 1..
Decomp 2..
Decomps done.
isogenous :  true
[* 14, 15, 1, 42, 1,
    [ 3, 5, 7 ],
    [ 2, 3 ]
*]
Decomp 1..
Decomp 2..
Decomps done.
isogenous :  true
[* 14, 15, 1, 42, 1,
    [ 3, 7, 10 ],
    [ 2, 3 ]
*]
Decomp 1..
Decomp 2..
Decomps done.
isogenous :  true
[* 14, 15, 1, 42, 1,
    [ 5, 6, 7 ],
    [ 2, 3 ]
*]
Decomp 1..
Decomp 2..
Decomps done.
isogenous :  true
[* 14, 15, 1, 42, 1,
    [ 3, 5, 7 ],
    [ 2, 21 ]
*]
Decomp 1..
Decomp 2..
Decomps done.
isogenous :  true
[* 14, 15, 1, 42, 1,
    [ 3, 7, 10 ],
    [ 2, 21 ]
*]
Decomp 1..
Decomp 2..
Decomps done.
isogenous :  true
[* 14, 15, 1, 42, 1,
    [ 5, 6, 7 ],
    [ 2, 21 ]
*]
Decomp 1..
Decomp 2..
Decomps done.
isogenous :  true
[* 14, 15, 1, 42, 1,
    [ 2, 3, 35 ],
    [ 3, 7 ]
*]
Decomp 1..
Decomp 2..
Decomps done.
isogenous :  true
[* 14, 15, 1, 42, 2,
    [ 3, 35 ],
    [ 3 ]
*]
Decomp 1..
Decomp 2..
Decomps done.
isogenous :  true
[* 14, 15, 1, 42, 2,
    [ 6, 35 ],
    [ 3 ]
*]
Decomp 1..
Decomp 2..
Decomps done.
isogenous :  true
[* 14, 15, 1, 42, 2,
    [ 3, 35 ],
    [ 21 ]
*]
Decomp 1..
Decomp 2..
Decomps done.
isogenous :  true
[* 14, 15, 1, 42, 2,
    [ 6, 35 ],
    [ 21 ]
*]
Decomp 1..
Decomp 2..
Decomps done.
isogenous :  true
[* 21, 10, 1, 42, 1,
    [ 2, 15 ],
    [ 14 ]
*]
Decomp 1..
Decomp 2..
Decomps done.
isogenous :  true
[* 21, 10, 1, 42, 1,
    [ 2, 3, 5 ],
    [ 14 ]
*]
Decomp 1..
Decomp 2..
Decomps done.
isogenous :  true
[* 21, 10, 1, 42, 1,
    [ 2, 3, 35 ],
    [ 14 ]
*]
Decomp 1..
Decomp 2..
Decomps done.
isogenous :  true
[* 21, 10, 1, 42, 1,
    [ 3, 5, 14 ],
    [ 14 ]
*]
Decomp 1..
Decomp 2..
Decomps done.
isogenous :  true
[* 21, 10, 1, 42, 1,
    [ 2, 15 ],
    [ 2, 7 ]
*]
Decomp 1..
Decomp 2..
Decomps done.
isogenous :  true
[* 21, 10, 1, 42, 1,
    [ 2, 3, 5 ],
    [ 2, 7 ]
*]
Decomp 1..
Decomp 2..
Decomps done.
isogenous :  true
[* 21, 10, 1, 42, 1,
    [ 2, 3, 35 ],
    [ 2, 7 ]
*]
Decomp 1..
Decomp 2..
Decomps done.
isogenous :  true
[* 21, 10, 1, 42, 1,
    [ 3, 5, 14 ],
    [ 2, 7 ]
*]
Decomp 1..
Decomp 2..
Decomps done.
isogenous :  true
[* 21, 10, 1, 42, 1,
    [ 5, 6, 14 ],
    [ 3, 7 ]
*]
Decomp 1..
Decomp 2..
Decomps done.
isogenous :  true
[* 21, 10, 1, 42, 1,
    [ 6, 10, 14 ],
    [ 3, 7 ]
*]
Decomp 1..
Decomp 2..
Decomps done.
isogenous :  true
[* 21, 10, 1, 42, 1,
    [ 2, 15 ],
    [ 6, 7 ]
*]
Decomp 1..
Decomp 2..
Decomps done.
isogenous :  true
[* 21, 10, 1, 42, 1,
    [ 2, 3, 5 ],
    [ 6, 7 ]
*]
Decomp 1..
Decomp 2..
Decomps done.
isogenous :  true
[* 21, 10, 1, 42, 1,
    [ 2, 3, 35 ],
    [ 6, 7 ]
*]
Decomp 1..
Decomp 2..
Decomps done.
isogenous :  true
[* 21, 10, 1, 42, 1,
    [ 3, 5, 14 ],
    [ 6, 7 ]
*]
Decomp 1..
Decomp 2..
Decomps done.
isogenous :  true
[* 14, 3, 14, 15, 2,
    [ 3 ],
    [ 3, 35 ]
*]
Decomp 1..
Decomp 2..
Decomps done.
isogenous :  true
[* 14, 3, 14, 15, 2,
    [ 3 ],
    [ 6, 35 ]
*]
Decomp 1..
Decomp 2..
Decomps done.
isogenous :  true
[* 14, 3, 14, 15, 2,
    [ 6 ],
    [ 3, 35 ]
*]
Decomp 1..
Decomp 2..
Decomps done.
isogenous :  true
[* 14, 3, 14, 15, 2,
    [ 6 ],
    [ 6, 35 ]
*]
Decomp 1..
Decomp 2..
Decomps done.
isogenous :  true
[* 14, 3, 14, 15, 2,
    [ 7 ],
    [ 7, 30 ]
*]
Decomp 1..
Decomp 2..
Decomps done.
isogenous :  true
[* 21, 2, 21, 10, 2,
    [ 6 ],
    [ 14, 15 ]
*]
Decomp 1..
Decomp 2..
Decomps done.
isogenous :  true
[* 21, 2, 21, 10, 2,
    [ 14 ],
    [ 14, 15 ]
*]
Decomp 1..
Decomp 2..
Decomps done.
isogenous :  true
[* 21, 11, 1, 42, 1,
    [ 231 ],
    [ 14 ]
*]
Decomp 1..
Decomp 2..
Decomps done.
isogenous :  true
[* 21, 11, 1, 42, 1,
    [ 3, 77 ],
    [ 14 ]
*]
Decomp 1..
Decomp 2..
Decomps done.
isogenous :  true
[* 21, 11, 1, 42, 1,
    [ 231 ],
    [ 2, 7 ]
*]
Decomp 1..
Decomp 2..
Decomps done.
isogenous :  true
[* 21, 11, 1, 42, 1,
    [ 3, 77 ],
    [ 2, 7 ]
*]
Decomp 1..
Decomp 2..
Decomps done.
isogenous :  true
[* 21, 11, 1, 42, 1,
    [ 231 ],
    [ 6, 7 ]
*]
Decomp 1..
Decomp 2..
Decomps done.
isogenous :  true
[* 21, 11, 1, 42, 1,
    [ 3, 77 ],
    [ 6, 7 ]
*]
Decomp 1..
Decomp 2..
Decomps done.
isogenous :  true
[* 14, 19, 1, 42, 1,
    [ 266 ],
    [ 2, 3 ]
*]
Decomp 1..
Decomp 2..
Decomps done.
isogenous :  true
[* 14, 19, 1, 42, 1,
    [ 7, 38 ],
    [ 2, 3 ]
*]
Decomp 1..
Decomp 2..
Decomps done.
isogenous :  true
[* 14, 19, 1, 42, 1,
    [ 266 ],
    [ 2, 21 ]
*]
Decomp 1..
Decomp 2..
Decomps done.
isogenous :  true
[* 14, 19, 1, 42, 1,
    [ 7, 38 ],
    [ 2, 21 ]
*]
Decomp 1..
Decomp 2..
Decomps done.
isogenous :  true
[* 21, 13, 1, 42, 1,
    [ 3, 91 ],
    [ 14 ]
*]
Decomp 1..
Decomp 2..
Decomps done.
isogenous :  true
[* 21, 13, 1, 42, 1,
    [ 3, 91 ],
    [ 2, 7 ]
*]
Decomp 1..
Decomp 2..
Decomps done.
isogenous :  true
[* 21, 13, 1, 42, 1,
    [ 3, 91 ],
    [ 6, 7 ]
*]
Decomp 1..
Decomp 2..
Decomps done.
isogenous :  true
[* 21, 19, 1, 42, 1,
    [ 3, 133 ],
    [ 14 ]
*]
Decomp 1..
Decomp 2..
Decomps done.
isogenous :  true
done  300  out of  661  candidates 
 -----------------
[* 21, 19, 1, 42, 1,
    [ 3, 133 ],
    [ 2, 7 ]
*]
Decomp 1..
Decomp 2..
Decomps done.
isogenous :  true
[* 21, 19, 1, 42, 1,
    [ 3, 133 ],
    [ 6, 7 ]
*]
Decomp 1..
Decomp 2..
Decomps done.
isogenous :  true
[* 6, 77, 1, 42, 1,
    [ 2, 7, 33 ],
    [ 3, 7 ]
*]
Decomp 1..
Decomp 2..
Decomps done.
isogenous :  true
[* 21, 22, 1, 42, 1,
    [ 2, 3, 77 ],
    [ 14 ]
*]
Decomp 1..
Decomp 2..
Decomps done.
isogenous :  true
[* 21, 22, 1, 42, 1,
    [ 2, 3, 77 ],
    [ 2, 7 ]
*]
Decomp 1..
Decomp 2..
Decomps done.
isogenous :  true
[* 21, 22, 1, 42, 1,
    [ 6, 11, 14 ],
    [ 3, 7 ]
*]
Decomp 1..
Decomp 2..
Decomps done.
isogenous :  true
[* 21, 22, 1, 42, 1,
    [ 2, 3, 77 ],
    [ 6, 7 ]
*]
Decomp 1..
Decomp 2..
Decomps done.
isogenous :  true
[* 21, 2, 21, 22, 2,
    [ 6 ],
    [ 6, 154 ]
*]
Decomp 1..
Decomp 2..
Decomps done.
isogenous :  true
[* 21, 2, 21, 22, 2,
    [ 14 ],
    [ 6, 154 ]
*]
Decomp 1..
Decomp 2..
Decomps done.
isogenous :  true
[* 14, 37, 1, 42, 1,
    [ 7, 74 ],
    [ 2, 3 ]
*]
Decomp 1..
Decomp 2..
Decomps done.
isogenous :  true
[* 14, 37, 1, 42, 1,
    [ 7, 74 ],
    [ 2, 21 ]
*]
Decomp 1..
Decomp 2..
Decomps done.
isogenous :  true
[* 6, 91, 1, 42, 1,
    [ 2, 273 ],
    [ 3, 7 ]
*]
Decomp 1..
Decomp 2..
Decomps done.
isogenous :  true
[* 6, 91, 1, 42, 1,
    [ 2, 7, 39 ],
    [ 3, 7 ]
*]
Decomp 1..
Decomp 2..
Decomps done.
isogenous :  true
[* 14, 39, 1, 42, 1,
    [ 3, 7, 26 ],
    [ 2, 3 ]
*]
Decomp 1..
Decomp 2..
Decomps done.
isogenous :  true
[* 14, 39, 1, 42, 1,
    [ 3, 7, 26 ],
    [ 2, 21 ]
*]
Decomp 1..
Decomp 2..
Decomps done.
isogenous :  true
[* 14, 39, 1, 42, 1,
    [ 2, 3, 91 ],
    [ 3, 7 ]
*]
Decomp 1..
Decomp 2..
Decomps done.
isogenous :  true
[* 14, 39, 1, 42, 2,
    [ 3, 182 ],
    [ 3 ]
*]
Decomp 1..
Decomp 2..
Decomps done.
isogenous :  true
[* 14, 39, 1, 42, 2,
    [ 3, 182 ],
    [ 21 ]
*]
Decomp 1..
Decomp 2..
Decomps done.
isogenous :  true
[* 21, 26, 1, 42, 1,
    [ 6, 14, 26 ],
    [ 3, 7 ]
*]
Decomp 1..
Decomp 2..
Decomps done.
isogenous :  true
[* 14, 3, 14, 39, 2,
    [ 3 ],
    [ 3, 182 ]
*]
Decomp 1..
Decomp 2..
Decomps done.
isogenous :  true
[* 14, 3, 14, 39, 2,
    [ 6 ],
    [ 3, 182 ]
*]
Decomp 1..
Decomp 2..
Decomps done.
isogenous :  true
[* 14, 43, 1, 42, 1,
    [ 7, 86 ],
    [ 2, 3 ]
*]
Decomp 1..
Decomp 2..
Decomps done.
isogenous :  true
[* 14, 43, 1, 42, 1,
    [ 7, 86 ],
    [ 2, 21 ]
*]
Decomp 1..
Decomp 2..
Decomps done.
isogenous :  true
[* 14, 57, 1, 42, 1,
    [ 3, 7, 38 ],
    [ 2, 3 ]
*]
Decomp 1..
Decomp 2..
Decomps done.
isogenous :  true
[* 14, 57, 1, 42, 1,
    [ 3, 7, 38 ],
    [ 2, 21 ]
*]
Decomp 1..
Decomp 2..
Decomps done.
isogenous :  true
[* 6, 161, 1, 42, 1,
    [ 2, 7, 69 ],
    [ 3, 7 ]
*]
Decomp 1..
Decomp 2..
Decomps done.
isogenous :  true
[* 51, 1, 51, 10, 2,
    [ 17 ],
    [ 2, 15, 17 ]
*]
Decomp 1..
Decomp 2..
Decomps done.
isogenous :  true
[* 55, 1, 1, 110, 1,
    [ 5 ],
    [ 10, 11 ]
*]
Decomp 1..
Decomp 2..
Decomps done.
isogenous :  true
[* 57, 1, 1, 114, 1,
    [ 57 ],
    [ 2, 3, 19 ]
*]
Decomp 1..
Decomp 2..
Decomps done.
isogenous :  true
[* 57, 1, 1, 114, 3,
    [],
    [ 2, 19 ]
*]
Decomp 1..
Decomp 2..
Decomps done.
isogenous :  true
[* 58, 1, 1, 174, 1,
    [ 58 ],
    [ 2, 3, 29 ]
*]
Decomp 1..
Decomp 2..
Decomps done.
isogenous :  true
[* 65, 1, 1, 130, 1,
    [ 65 ],
    [ 2, 5, 13 ]
*]
Decomp 1..
Decomp 2..
Decomps done.
isogenous :  true
[* 65, 1, 1, 195, 1,
    [ 65 ],
    [ 3, 5, 13 ]
*]
Decomp 1..
Decomp 2..
Decomps done.
isogenous :  true
[* 22, 3, 6, 55, 2,
    [ 2 ],
    [ 2, 165 ]
*]
Decomp 1..
Decomp 2..
Decomps done.
isogenous :  true
[* 22, 3, 6, 55, 2,
    [ 6 ],
    [ 11, 30 ]
*]
Decomp 1..
Decomp 2..
Decomps done.
isogenous :  true
[* 22, 3, 6, 55, 2,
    [ 22 ],
    [ 3, 10 ]
*]
Decomp 1..
Decomp 2..
Decomps done.
isogenous :  true
[* 22, 3, 33, 10, 2,
    [ 2 ],
    [ 15, 33 ]
*]
Decomp 1..
Decomp 2..
Decomps done.
isogenous :  true
[* 6, 55, 1, 66, 1,
    [ 3, 10, 11 ],
    [ 2, 11 ]
*]
Decomp 1..
Decomp 2..
Decomps done.
isogenous :  true
[* 6, 55, 1, 66, 1,
    [ 2, 11, 15 ],
    [ 3, 11 ]
*]
Decomp 1..
Decomp 2..
Decomps done.
isogenous :  true
[* 6, 55, 1, 66, 2,
    [ 11, 30 ],
    [ 11 ]
*]
Decomp 1..
Decomp 2..
Decomps done.
isogenous :  true
[* 33, 10, 1, 66, 1,
    [ 2, 3, 55 ],
    [ 2, 11 ]
*]
Decomp 1..
Decomp 2..
Decomps done.
isogenous :  true
[* 33, 10, 1, 66, 1,
    [ 6, 10, 22 ],
    [ 3, 11 ]
*]
Decomp 1..
Decomp 2..
Decomps done.
isogenous :  true
[* 22, 15, 1, 66, 1,
    [ 5, 6, 22 ],
    [ 2, 11 ]
*]
Decomp 1..
Decomp 2..
Decomps done.
isogenous :  true
[* 22, 15, 1, 66, 1,
    [ 2, 3, 55 ],
    [ 3, 11 ]
*]
Decomp 1..
Decomp 2..
Decomps done.
isogenous :  true
[* 22, 15, 1, 66, 2,
    [ 6, 110 ],
    [ 11 ]
*]
Decomp 1..
Decomp 2..
Decomps done.
isogenous :  true
[* 33, 2, 6, 55, 2,
    [ 3 ],
    [ 3, 10 ]
*]
Decomp 1..
Decomp 2..
Decomps done.
isogenous :  true
[* 33, 2, 6, 55, 2,
    [ 33 ],
    [ 2, 165 ]
*]
Decomp 1..
Decomp 2..
Decomps done.
isogenous :  true
[* 33, 2, 33, 10, 3,
    [ 6 ],
    [ 6, 55 ]
*]
Decomp 1..
Decomp 2..
Decomps done.
isogenous :  true
[* 33, 2, 22, 15, 2,
    [ 3 ],
    [ 5, 22 ]
*]
Decomp 1..
Decomp 2..
Decomps done.
isogenous :  true
[* 6, 11, 33, 10, 2,
    [ 2 ],
    [ 15, 33 ]
*]
Decomp 1..
Decomp 2..
Decomps done.
isogenous :  true
done  350  out of  661  candidates 
 -----------------
[* 6, 11, 22, 15, 2,
    [ 3 ],
    [ 5, 22 ]
*]
Decomp 1..
Decomp 2..
Decomps done.
isogenous :  true
[* 6, 11, 22, 15, 2,
    [ 11 ],
    [ 6, 110 ]
*]
Decomp 1..
Decomp 2..
Decomps done.
isogenous :  true
[* 22, 3, 6, 77, 2,
    [ 22 ],
    [ 3, 154 ]
*]
Decomp 1..
Decomp 2..
Decomps done.
isogenous :  true
[* 6, 77, 1, 66, 1,
    [ 3, 11, 14 ],
    [ 2, 11 ]
*]
Decomp 1..
Decomp 2..
Decomps done.
isogenous :  true
[* 33, 14, 1, 66, 1,
    [ 2, 3, 77 ],
    [ 2, 11 ]
*]
Decomp 1..
Decomp 2..
Decomps done.
isogenous :  true
[* 33, 14, 1, 66, 1,
    [ 6, 7, 22 ],
    [ 3, 11 ]
*]
Decomp 1..
Decomp 2..
Decomps done.
isogenous :  true
[* 22, 21, 1, 66, 1,
    [ 6, 14, 22 ],
    [ 2, 11 ]
*]
Decomp 1..
Decomp 2..
Decomps done.
isogenous :  true
[* 33, 2, 6, 77, 2,
    [ 3 ],
    [ 3, 154 ]
*]
Decomp 1..
Decomp 2..
Decomps done.
isogenous :  true
[* 33, 2, 33, 14, 3,
    [ 6 ],
    [ 6, 154 ]
*]
Decomp 1..
Decomp 2..
Decomps done.
isogenous :  true
[* 35, 3, 1, 70, 1,
    [ 7, 15 ],
    [ 5, 14 ]
*]
Decomp 1..
Decomp 2..
Decomps done.
isogenous :  true
[* 35, 3, 1, 70, 2,
    [ 3, 5 ],
    [ 2, 7 ]
*]
Decomp 1..
Decomp 2..
Decomps done.
isogenous :  true
[* 35, 3, 1, 70, 2,
    [ 5, 21 ],
    [ 2, 7 ]
*]
Decomp 1..
Decomp 2..
Decomps done.
isogenous :  true
[* 35, 3, 1, 70, 2,
    [ 3, 5 ],
    [ 7, 10 ]
*]
Decomp 1..
Decomp 2..
Decomps done.
isogenous :  true
[* 35, 3, 1, 70, 2,
    [ 5, 21 ],
    [ 7, 10 ]
*]
Decomp 1..
Decomp 2..
Decomps done.
isogenous :  true
[* 35, 3, 1, 70, 3,
    [ 15 ],
    [ 14 ]
*]
Decomp 1..
Decomp 2..
Decomps done.
isogenous :  true
[* 35, 3, 1, 70, 3,
    [ 105 ],
    [ 14 ]
*]
Decomp 1..
Decomp 2..
Decomps done.
isogenous :  true
[* 35, 2, 1, 105, 1,
    [ 2, 7 ],
    [ 5, 21 ]
*]
Decomp 1..
Decomp 2..
Decomps done.
isogenous :  true
[* 35, 2, 1, 105, 1,
    [ 7, 10 ],
    [ 5, 21 ]
*]
Decomp 1..
Decomp 2..
Decomps done.
isogenous :  true
[* 14, 11, 1, 70, 1,
    [ 7, 11 ],
    [ 2, 35 ]
*]
Decomp 1..
Decomp 2..
Decomps done.
isogenous :  true
[* 14, 11, 1, 70, 1,
    [ 7, 22 ],
    [ 2, 35 ]
*]
Decomp 1..
Decomp 2..
Decomps done.
isogenous :  true
[* 14, 13, 1, 70, 1,
    [ 182 ],
    [ 2, 35 ]
*]
Decomp 1..
Decomp 2..
Decomps done.
isogenous :  true
[* 14, 13, 1, 70, 1,
    [ 7, 26 ],
    [ 2, 35 ]
*]
Decomp 1..
Decomp 2..
Decomps done.
isogenous :  true
[* 10, 21, 1, 70, 1,
    [ 2, 105 ],
    [ 5, 7 ]
*]
Decomp 1..
Decomp 2..
Decomps done.
isogenous :  true
[* 10, 21, 1, 70, 1,
    [ 3, 14 ],
    [ 5, 7 ]
*]
Decomp 1..
Decomp 2..
Decomps done.
isogenous :  true
[* 10, 21, 1, 70, 1,
    [ 2, 3, 7 ],
    [ 5, 7 ]
*]
Decomp 1..
Decomp 2..
Decomps done.
isogenous :  true
[* 10, 21, 1, 70, 1,
    [ 2, 7, 15 ],
    [ 5, 7 ]
*]
Decomp 1..
Decomp 2..
Decomps done.
isogenous :  true
[* 35, 6, 1, 70, 1,
    [ 3, 10, 14 ],
    [ 5, 7 ]
*]
Decomp 1..
Decomp 2..
Decomps done.
isogenous :  true
[* 35, 6, 1, 70, 1,
    [ 6, 10, 14 ],
    [ 5, 7 ]
*]
Decomp 1..
Decomp 2..
Decomps done.
isogenous :  true
[* 35, 6, 1, 70, 1,
    [ 2, 7, 15 ],
    [ 5, 14 ]
*]
Decomp 1..
Decomp 2..
Decomps done.
isogenous :  true
[* 35, 6, 1, 70, 2,
    [ 2, 3, 5 ],
    [ 2, 7 ]
*]
Decomp 1..
Decomp 2..
Decomps done.
isogenous :  true
[* 35, 6, 1, 70, 2,
    [ 2, 5, 21 ],
    [ 2, 7 ]
*]
Decomp 1..
Decomp 2..
Decomps done.
isogenous :  true
[* 35, 6, 1, 70, 2,
    [ 3, 5, 14 ],
    [ 2, 7 ]
*]
Decomp 1..
Decomp 2..
Decomps done.
isogenous :  true
[* 35, 6, 1, 70, 2,
    [ 2, 3, 5 ],
    [ 7, 10 ]
*]
Decomp 1..
Decomp 2..
Decomps done.
isogenous :  true
[* 35, 6, 1, 70, 2,
    [ 2, 5, 21 ],
    [ 7, 10 ]
*]
Decomp 1..
Decomp 2..
Decomps done.
isogenous :  true
[* 35, 6, 1, 70, 2,
    [ 3, 5, 14 ],
    [ 7, 10 ]
*]
Decomp 1..
Decomp 2..
Decomps done.
isogenous :  true
[* 35, 6, 1, 70, 3,
    [ 2, 15 ],
    [ 14 ]
*]
Decomp 1..
Decomp 2..
Decomps done.
isogenous :  true
[* 14, 15, 1, 70, 1,
    [ 3, 5, 7 ],
    [ 2, 35 ]
*]
Decomp 1..
Decomp 2..
Decomps done.
isogenous :  true
[* 14, 15, 1, 70, 1,
    [ 3, 7, 10 ],
    [ 2, 35 ]
*]
Decomp 1..
Decomp 2..
Decomps done.
isogenous :  true
[* 14, 15, 1, 70, 1,
    [ 5, 6, 7 ],
    [ 2, 35 ]
*]
Decomp 1..
Decomp 2..
Decomps done.
isogenous :  true
[* 14, 15, 1, 70, 1,
    [ 2, 5, 21 ],
    [ 5, 7 ]
*]
Decomp 1..
Decomp 2..
Decomps done.
isogenous :  true
[* 14, 15, 1, 70, 2,
    [ 5, 21 ],
    [ 35 ]
*]
Decomp 1..
Decomp 2..
Decomps done.
isogenous :  true
[* 14, 15, 1, 70, 2,
    [ 10, 21 ],
    [ 35 ]
*]
Decomp 1..
Decomp 2..
Decomps done.
isogenous :  true
[* 14, 5, 14, 15, 2,
    [ 5 ],
    [ 5, 21 ]
*]
Decomp 1..
Decomp 2..
Decomps done.
isogenous :  true
[* 14, 5, 14, 15, 2,
    [ 5 ],
    [ 10, 21 ]
*]
Decomp 1..
Decomp 2..
Decomps done.
isogenous :  true
[* 14, 5, 14, 15, 2,
    [ 7 ],
    [ 7, 30 ]
*]
Decomp 1..
Decomp 2..
Decomps done.
isogenous :  true
[* 14, 5, 14, 15, 2,
    [ 10 ],
    [ 5, 21 ]
*]
Decomp 1..
Decomp 2..
Decomps done.
isogenous :  true
[* 14, 5, 14, 15, 2,
    [ 10 ],
    [ 10, 21 ]
*]
Decomp 1..
Decomp 2..
Decomps done.
isogenous :  true
[* 35, 2, 35, 6, 4,
    [ 10 ],
    [ 14, 15 ]
*]
Decomp 1..
Decomp 2..
Decomps done.
isogenous :  true
[* 35, 2, 35, 6, 4,
    [ 14 ],
    [ 14, 15 ]
*]
Decomp 1..
Decomp 2..
Decomps done.
isogenous :  true
[* 35, 2, 35, 6, 3,
    [ 2 ],
    [ 2, 15 ]
*]
Decomp 1..
Decomp 2..
Decomps done.
isogenous :  true
done  400  out of  661  candidates 
 -----------------
[* 35, 2, 35, 6, 3,
    [ 70 ],
    [ 2, 15 ]
*]
Decomp 1..
Decomp 2..
Decomps done.
isogenous :  true
[* 35, 2, 35, 6, 2,
    [ 2, 5 ],
    [ 2, 3, 5 ]
*]
Decomp 1..
Decomp 2..
Decomps done.
isogenous :  true
[* 35, 2, 35, 6, 2,
    [ 2, 5 ],
    [ 2, 5, 21 ]
*]
Decomp 1..
Decomp 2..
Decomps done.
isogenous :  true
[* 35, 2, 35, 6, 2,
    [ 2, 5 ],
    [ 3, 5, 14 ]
*]
Decomp 1..
Decomp 2..
Decomps done.
isogenous :  true
[* 35, 2, 35, 6, 2,
    [ 5, 14 ],
    [ 2, 3, 5 ]
*]
Decomp 1..
Decomp 2..
Decomps done.
isogenous :  true
[* 35, 2, 35, 6, 2,
    [ 5, 14 ],
    [ 2, 5, 21 ]
*]
Decomp 1..
Decomp 2..
Decomps done.
isogenous :  true
[* 35, 2, 35, 6, 2,
    [ 5, 14 ],
    [ 3, 5, 14 ]
*]
Decomp 1..
Decomp 2..
Decomps done.
isogenous :  true
[* 14, 19, 1, 70, 1,
    [ 266 ],
    [ 2, 35 ]
*]
Decomp 1..
Decomp 2..
Decomps done.
isogenous :  true
[* 14, 19, 1, 70, 1,
    [ 7, 38 ],
    [ 2, 35 ]
*]
Decomp 1..
Decomp 2..
Decomps done.
isogenous :  true
[* 35, 13, 1, 70, 1,
    [ 7, 65 ],
    [ 5, 14 ]
*]
Decomp 1..
Decomp 2..
Decomps done.
isogenous :  true
[* 14, 37, 1, 70, 1,
    [ 7, 74 ],
    [ 2, 35 ]
*]
Decomp 1..
Decomp 2..
Decomps done.
isogenous :  true
[* 14, 39, 1, 70, 1,
    [ 3, 7, 26 ],
    [ 2, 35 ]
*]
Decomp 1..
Decomp 2..
Decomps done.
isogenous :  true
[* 14, 43, 1, 70, 1,
    [ 7, 86 ],
    [ 2, 35 ]
*]
Decomp 1..
Decomp 2..
Decomps done.
isogenous :  true
[* 10, 77, 1, 70, 1,
    [ 2, 7, 55 ],
    [ 5, 7 ]
*]
Decomp 1..
Decomp 2..
Decomps done.
isogenous :  true
[* 14, 57, 1, 70, 1,
    [ 3, 7, 38 ],
    [ 2, 35 ]
*]
Decomp 1..
Decomp 2..
Decomps done.
isogenous :  true
[* 77, 1, 1, 231, 1,
    [ 77 ],
    [ 3, 7, 11 ]
*]
Decomp 1..
Decomp 2..
Decomps done.
isogenous :  true
[* 26, 5, 1, 78, 1,
    [ 5, 13 ],
    [ 2, 39 ]
*]
Decomp 1..
Decomp 2..
Decomps done.
isogenous :  true
[* 26, 5, 1, 78, 1,
    [ 2, 65 ],
    [ 3, 13 ]
*]
Decomp 1..
Decomp 2..
Decomps done.
isogenous :  true
[* 26, 5, 1, 78, 2,
    [ 65 ],
    [ 39 ]
*]
Decomp 1..
Decomp 2..
Decomps done.
isogenous :  true
[* 26, 7, 1, 78, 1,
    [ 13, 14 ],
    [ 2, 39 ]
*]
Decomp 1..
Decomp 2..
Decomps done.
isogenous :  true
[* 26, 7, 1, 78, 1,
    [ 2, 91 ],
    [ 3, 13 ]
*]
Decomp 1..
Decomp 2..
Decomps done.
isogenous :  true
[* 26, 7, 1, 78, 2,
    [ 182 ],
    [ 39 ]
*]
Decomp 1..
Decomp 2..
Decomps done.
isogenous :  true
[* 39, 5, 1, 78, 1,
    [ 13, 15 ],
    [ 3, 26 ]
*]
Decomp 1..
Decomp 2..
Decomps done.
isogenous :  true
[* 39, 5, 1, 78, 2,
    [ 3, 65 ],
    [ 2, 13 ]
*]
Decomp 1..
Decomp 2..
Decomps done.
isogenous :  true
[* 39, 5, 1, 78, 3,
    [ 195 ],
    [ 26 ]
*]
Decomp 1..
Decomp 2..
Decomps done.
isogenous :  true
[* 39, 7, 1, 78, 1,
    [ 7, 13 ],
    [ 3, 26 ]
*]
Decomp 1..
Decomp 2..
Decomps done.
isogenous :  true
[* 39, 7, 1, 78, 2,
    [ 3, 91 ],
    [ 2, 13 ]
*]
Decomp 1..
Decomp 2..
Decomps done.
isogenous :  true
[* 39, 10, 1, 78, 2,
    [ 2, 3, 65 ],
    [ 2, 13 ]
*]
Decomp 1..
Decomp 2..
Decomps done.
isogenous :  true
[* 26, 15, 1, 78, 1,
    [ 5, 6, 13 ],
    [ 2, 39 ]
*]
Decomp 1..
Decomp 2..
Decomps done.
isogenous :  true
[* 26, 15, 1, 78, 1,
    [ 2, 3, 65 ],
    [ 3, 13 ]
*]
Decomp 1..
Decomp 2..
Decomps done.
isogenous :  true
[* 26, 15, 1, 78, 2,
    [ 6, 65 ],
    [ 39 ]
*]
Decomp 1..
Decomp 2..
Decomps done.
isogenous :  true
[* 26, 3, 26, 15, 2,
    [ 6 ],
    [ 6, 65 ]
*]
Decomp 1..
Decomp 2..
Decomps done.
isogenous :  true
[* 26, 3, 26, 15, 2,
    [ 78 ],
    [ 6, 65 ]
*]
Decomp 1..
Decomp 2..
Decomps done.
isogenous :  true
[* 26, 3, 26, 15, 2,
    [ 3, 13 ],
    [ 3, 5, 13 ]
*]
Decomp 1..
Decomp 2..
Decomps done.
isogenous :  true
[* 39, 2, 39, 10, 2,
    [ 2, 3 ],
    [ 2, 3, 65 ]
*]
Decomp 1..
Decomp 2..
Decomps done.
isogenous :  true
[* 39, 2, 39, 10, 2,
    [ 2, 13 ],
    [ 2, 13, 15 ]
*]
Decomp 1..
Decomp 2..
Decomps done.
isogenous :  true
[* 39, 2, 39, 10, 2,
    [ 3, 26 ],
    [ 2, 3, 65 ]
*]
Decomp 1..
Decomp 2..
Decomps done.
isogenous :  true
[* 26, 21, 1, 78, 1,
    [ 2, 3, 91 ],
    [ 3, 13 ]
*]
Decomp 1..
Decomp 2..
Decomps done.
isogenous :  true
[* 26, 3, 26, 21, 3,
    [ 3 ],
    [ 3, 182 ]
*]
Decomp 1..
Decomp 2..
Decomps done.
isogenous :  true
[* 26, 3, 26, 21, 3,
    [ 39 ],
    [ 3, 182 ]
*]
Decomp 1..
Decomp 2..
Decomps done.
isogenous :  true
[* 26, 3, 26, 21, 2,
    [ 3, 13 ],
    [ 3, 13, 14 ]
*]
Decomp 1..
Decomp 2..
Decomps done.
isogenous :  true
[* 85, 1, 1, 170, 2,
    [ 85 ],
    [ 2, 5, 17 ]
*]
Decomp 1..
Decomp 2..
Decomps done.
isogenous :  true
[* 85, 1, 1, 255, 2,
    [ 85 ],
    [ 3, 5, 17 ]
*]
Decomp 1..
Decomp 2..
Decomps done.
isogenous :  true
[* 93, 1, 1, 186, 2,
    [ 93 ],
    [ 2, 3, 31 ]
*]
Decomp 1..
Decomp 2..
Decomps done.
isogenous :  true
[* 6, 85, 1, 102, 1,
    [ 5, 6, 17 ],
    [ 2, 3, 17 ]
*]
Decomp 1..
Decomp 2..
Decomps done.
isogenous :  true
[* 51, 10, 1, 102, 1,
    [ 2, 5, 51 ],
    [ 2, 3, 17 ]
*]
Decomp 1..
Decomp 2..
Decomps done.
isogenous :  true
[* 51, 2, 6, 85, 2,
    [ 51 ],
    [ 6, 85 ]
*]
Decomp 1..
Decomp 2..
Decomps done.
isogenous :  true
[* 51, 2, 51, 10, 5,
    [ 2 ],
    [ 2, 255 ]
*]
Decomp 1..
Decomp 2..
Decomps done.
isogenous :  true
[* 51, 2, 51, 10, 2,
    [ 2, 3 ],
    [ 2, 3, 85 ]
*]
Decomp 1..
Decomp 2..
Decomps done.
isogenous :  true
[* 51, 2, 51, 10, 2,
    [ 2, 17 ],
    [ 2, 15, 17 ]
*]
Decomp 1..
Decomp 2..
Decomps done.
isogenous :  true
done  450  out of  661  candidates 
 -----------------
[* 51, 2, 51, 10, 2,
    [ 6, 17 ],
    [ 2, 15, 17 ]
*]
Decomp 1..
Decomp 2..
Decomps done.
isogenous :  true
[* 15, 11, 1, 105, 1,
    [ 55 ],
    [ 3, 35 ]
*]
Decomp 1..
Decomp 2..
Decomps done.
isogenous :  true
[* 15, 11, 1, 105, 1,
    [ 5, 11 ],
    [ 3, 35 ]
*]
Decomp 1..
Decomp 2..
Decomps done.
isogenous :  true
[* 15, 11, 1, 105, 1,
    [ 5, 33 ],
    [ 3, 35 ]
*]
Decomp 1..
Decomp 2..
Decomps done.
isogenous :  true
[* 15, 13, 1, 105, 1,
    [ 195 ],
    [ 3, 35 ]
*]
Decomp 1..
Decomp 2..
Decomps done.
isogenous :  true
[* 15, 13, 1, 105, 1,
    [ 5, 39 ],
    [ 3, 35 ]
*]
Decomp 1..
Decomp 2..
Decomps done.
isogenous :  true
[* 15, 14, 1, 105, 1,
    [ 3, 5, 14 ],
    [ 15, 21 ]
*]
Decomp 1..
Decomp 2..
Decomps done.
isogenous :  true
[* 15, 14, 1, 105, 1,
    [ 7, 10 ],
    [ 3, 35 ]
*]
Decomp 1..
Decomp 2..
Decomps done.
isogenous :  true
[* 15, 14, 1, 105, 1,
    [ 2, 5, 7 ],
    [ 3, 35 ]
*]
Decomp 1..
Decomp 2..
Decomps done.
isogenous :  true
[* 15, 14, 1, 105, 1,
    [ 2, 5, 21 ],
    [ 3, 35 ]
*]
Decomp 1..
Decomp 2..
Decomps done.
isogenous :  true
[* 15, 14, 1, 105, 1,
    [ 5, 6, 7 ],
    [ 3, 35 ]
*]
Decomp 1..
Decomp 2..
Decomps done.
isogenous :  true
[* 35, 6, 1, 105, 1,
    [ 2, 7, 15 ],
    [ 5, 21 ]
*]
Decomp 1..
Decomp 2..
Decomps done.
isogenous :  true
[* 35, 6, 1, 105, 1,
    [ 5, 6, 7 ],
    [ 15, 21 ]
*]
Decomp 1..
Decomp 2..
Decomps done.
isogenous :  true
[* 35, 6, 1, 105, 3,
    [ 2, 3, 7 ],
    [ 3, 5 ]
*]
Decomp 1..
Decomp 2..
Decomps done.
isogenous :  true
[* 35, 6, 1, 105, 3,
    [ 3, 7, 10 ],
    [ 3, 5 ]
*]
Decomp 1..
Decomp 2..
Decomps done.
isogenous :  true
[* 21, 10, 1, 105, 1,
    [ 2, 15 ],
    [ 5, 7 ]
*]
Decomp 1..
Decomp 2..
Decomps done.
isogenous :  true
[* 21, 10, 1, 105, 1,
    [ 2, 3, 5 ],
    [ 5, 7 ]
*]
Decomp 1..
Decomp 2..
Decomps done.
isogenous :  true
[* 21, 10, 1, 105, 1,
    [ 2, 3, 35 ],
    [ 5, 7 ]
*]
Decomp 1..
Decomp 2..
Decomps done.
isogenous :  true
[* 21, 10, 1, 105, 1,
    [ 3, 5, 14 ],
    [ 5, 7 ]
*]
Decomp 1..
Decomp 2..
Decomps done.
isogenous :  true
[* 21, 10, 1, 105, 1,
    [ 3, 7, 10 ],
    [ 15, 21 ]
*]
Decomp 1..
Decomp 2..
Decomps done.
isogenous :  true
[* 15, 7, 15, 14, 3,
    [ 5 ],
    [ 5, 42 ]
*]
Decomp 1..
Decomp 2..
Decomps done.
isogenous :  true
[* 15, 7, 15, 14, 3,
    [ 21 ],
    [ 10, 21 ]
*]
Decomp 1..
Decomp 2..
Decomps done.
isogenous :  true
[* 15, 7, 15, 14, 3,
    [ 35 ],
    [ 10, 21 ]
*]
Decomp 1..
Decomp 2..
Decomps done.
isogenous :  true
[* 15, 7, 21, 10, 3,
    [ 15 ],
    [ 7, 30 ]
*]
Decomp 1..
Decomp 2..
Decomps done.
isogenous :  true
[* 15, 7, 21, 10, 2,
    [ 15, 21 ],
    [ 2, 5, 7 ]
*]
Decomp 1..
Decomp 2..
Decomps done.
isogenous :  true
[* 15, 7, 21, 10, 2,
    [ 15, 21 ],
    [ 5, 6, 7 ]
*]
Decomp 1..
Decomp 2..
Decomps done.
isogenous :  true
[* 21, 5, 15, 14, 3,
    [ 7 ],
    [ 15, 42 ]
*]
Decomp 1..
Decomp 2..
Decomps done.
isogenous :  true
[* 21, 5, 15, 14, 2,
    [ 5, 7 ],
    [ 2, 15, 21 ]
*]
Decomp 1..
Decomp 2..
Decomps done.
isogenous :  true
[* 21, 5, 15, 14, 2,
    [ 5, 7 ],
    [ 6, 10, 14 ]
*]
Decomp 1..
Decomp 2..
Decomps done.
isogenous :  true
[* 21, 5, 21, 10, 3,
    [ 3 ],
    [ 3, 70 ]
*]
Decomp 1..
Decomp 2..
Decomps done.
isogenous :  true
[* 21, 5, 21, 10, 3,
    [ 5 ],
    [ 2, 35 ]
*]
Decomp 1..
Decomp 2..
Decomps done.
isogenous :  true
[* 21, 5, 21, 10, 3,
    [ 35 ],
    [ 2, 35 ]
*]
Decomp 1..
Decomp 2..
Decomps done.
isogenous :  true
[* 35, 3, 35, 6, 5,
    [ 3 ],
    [ 2, 21 ]
*]
Decomp 1..
Decomp 2..
Decomps done.
isogenous :  true
[* 35, 3, 35, 6, 5,
    [ 5 ],
    [ 5, 42 ]
*]
Decomp 1..
Decomp 2..
Decomps done.
isogenous :  true
[* 35, 3, 35, 6, 5,
    [ 7 ],
    [ 7, 30 ]
*]
Decomp 1..
Decomp 2..
Decomps done.
isogenous :  true
[* 35, 3, 35, 6, 5,
    [ 21 ],
    [ 2, 21 ]
*]
Decomp 1..
Decomp 2..
Decomps done.
isogenous :  true
[* 35, 3, 35, 6, 3,
    [ 15 ],
    [ 2, 15 ]
*]
Decomp 1..
Decomp 2..
Decomps done.
isogenous :  true
[* 35, 3, 35, 6, 3,
    [ 105 ],
    [ 2, 15 ]
*]
Decomp 1..
Decomp 2..
Decomps done.
isogenous :  true
[* 35, 3, 35, 6, 3,
    [ 3, 7 ],
    [ 2, 3, 7 ]
*]
Decomp 1..
Decomp 2..
Decomps done.
isogenous :  true
[* 35, 3, 35, 6, 3,
    [ 3, 7 ],
    [ 3, 7, 10 ]
*]
Decomp 1..
Decomp 2..
Decomps done.
isogenous :  true
[* 35, 3, 35, 6, 2,
    [ 3, 5 ],
    [ 2, 3, 5 ]
*]
Decomp 1..
Decomp 2..
Decomps done.
isogenous :  true
[* 35, 3, 35, 6, 2,
    [ 3, 5 ],
    [ 2, 5, 21 ]
*]
Decomp 1..
Decomp 2..
Decomps done.
isogenous :  true
[* 35, 3, 35, 6, 2,
    [ 3, 5 ],
    [ 3, 5, 14 ]
*]
Decomp 1..
Decomp 2..
Decomps done.
isogenous :  true
[* 35, 3, 35, 6, 2,
    [ 5, 21 ],
    [ 2, 3, 5 ]
*]
Decomp 1..
Decomp 2..
Decomps done.
isogenous :  true
[* 35, 3, 35, 6, 2,
    [ 5, 21 ],
    [ 2, 5, 21 ]
*]
Decomp 1..
Decomp 2..
Decomps done.
isogenous :  true
[* 35, 3, 35, 6, 2,
    [ 5, 21 ],
    [ 3, 5, 14 ]
*]
Decomp 1..
Decomp 2..
Decomps done.
isogenous :  true
[* 21, 11, 1, 105, 1,
    [ 231 ],
    [ 5, 7 ]
*]
Decomp 1..
Decomp 2..
Decomps done.
isogenous :  true
[* 21, 11, 1, 105, 1,
    [ 3, 77 ],
    [ 5, 7 ]
*]
Decomp 1..
Decomp 2..
Decomps done.
isogenous :  true
[* 15, 17, 1, 105, 1,
    [ 255 ],
    [ 3, 35 ]
*]
Decomp 1..
Decomp 2..
Decomps done.
isogenous :  true
[* 15, 17, 1, 105, 1,
    [ 5, 51 ],
    [ 3, 35 ]
*]
Decomp 1..
Decomp 2..
Decomps done.
isogenous :  true
done  500  out of  661  candidates 
 -----------------
[* 21, 13, 1, 105, 1,
    [ 3, 91 ],
    [ 5, 7 ]
*]
Decomp 1..
Decomp 2..
Decomps done.
isogenous :  true
[* 15, 19, 1, 105, 1,
    [ 5, 57 ],
    [ 3, 35 ]
*]
Decomp 1..
Decomp 2..
Decomps done.
isogenous :  true
[* 15, 22, 1, 105, 1,
    [ 10, 22 ],
    [ 3, 35 ]
*]
Decomp 1..
Decomp 2..
Decomps done.
isogenous :  true
[* 15, 22, 1, 105, 1,
    [ 2, 5, 11 ],
    [ 3, 35 ]
*]
Decomp 1..
Decomp 2..
Decomps done.
isogenous :  true
[* 15, 22, 1, 105, 1,
    [ 5, 6, 11 ],
    [ 3, 35 ]
*]
Decomp 1..
Decomp 2..
Decomps done.
isogenous :  true
[* 15, 26, 1, 105, 1,
    [ 2, 5, 39 ],
    [ 3, 35 ]
*]
Decomp 1..
Decomp 2..
Decomps done.
isogenous :  true
[* 21, 19, 1, 105, 1,
    [ 3, 133 ],
    [ 5, 7 ]
*]
Decomp 1..
Decomp 2..
Decomps done.
isogenous :  true
[* 15, 29, 1, 105, 1,
    [ 5, 87 ],
    [ 3, 35 ]
*]
Decomp 1..
Decomp 2..
Decomps done.
isogenous :  true
[* 35, 13, 1, 105, 1,
    [ 7, 65 ],
    [ 5, 21 ]
*]
Decomp 1..
Decomp 2..
Decomps done.
isogenous :  true
[* 21, 22, 1, 105, 1,
    [ 2, 3, 77 ],
    [ 5, 7 ]
*]
Decomp 1..
Decomp 2..
Decomps done.
isogenous :  true
[* 15, 34, 1, 105, 1,
    [ 2, 5, 51 ],
    [ 3, 35 ]
*]
Decomp 1..
Decomp 2..
Decomps done.
isogenous :  true
[* 15, 41, 1, 105, 1,
    [ 5, 123 ],
    [ 3, 35 ]
*]
Decomp 1..
Decomp 2..
Decomps done.
isogenous :  true
[* 55, 3, 1, 110, 1,
    [ 3, 5 ],
    [ 10, 11 ]
*]
Decomp 1..
Decomp 2..
Decomps done.
isogenous :  true
[* 55, 3, 1, 110, 1,
    [ 5, 33 ],
    [ 10, 11 ]
*]
Decomp 1..
Decomp 2..
Decomps done.
isogenous :  true
[* 22, 5, 10, 33, 3,
    [ 10 ],
    [ 11, 30 ]
*]
Decomp 1..
Decomp 2..
Decomps done.
isogenous :  true
[* 22, 5, 10, 33, 3,
    [ 22 ],
    [ 5, 33 ]
*]
Decomp 1..
Decomp 2..
Decomps done.
isogenous :  true
[* 22, 5, 10, 33, 2,
    [ 2 ],
    [ 2, 165 ]
*]
Decomp 1..
Decomp 2..
Decomps done.
isogenous :  true
[* 22, 5, 10, 33, 2,
    [ 10, 22 ],
    [ 3, 5, 11 ]
*]
Decomp 1..
Decomp 2..
Decomps done.
isogenous :  true
[* 22, 5, 10, 33, 2,
    [ 10, 22 ],
    [ 5, 6, 11 ]
*]
Decomp 1..
Decomp 2..
Decomps done.
isogenous :  true
[* 10, 11, 22, 15, 3,
    [ 11 ],
    [ 10, 66 ]
*]
Decomp 1..
Decomp 2..
Decomps done.
isogenous :  true
[* 10, 11, 22, 15, 2,
    [ 22 ],
    [ 5, 66 ]
*]
Decomp 1..
Decomp 2..
Decomps done.
isogenous :  true
[* 10, 11, 22, 15, 2,
    [ 5, 11 ],
    [ 3, 10, 22 ]
*]
Decomp 1..
Decomp 2..
Decomps done.
isogenous :  true
[* 10, 33, 1, 110, 1,
    [ 2, 11, 15 ],
    [ 5, 11 ]
*]
Decomp 1..
Decomp 2..
Decomps done.
isogenous :  true
[* 22, 15, 1, 110, 1,
    [ 2, 5, 33 ],
    [ 5, 11 ]
*]
Decomp 1..
Decomp 2..
Decomps done.
isogenous :  true
[* 55, 2, 10, 33, 2,
    [ 55 ],
    [ 2, 165 ]
*]
Decomp 1..
Decomp 2..
Decomps done.
isogenous :  true
[* 22, 5, 10, 77, 2,
    [ 11 ],
    [ 10, 77 ]
*]
Decomp 1..
Decomp 2..
Decomps done.
isogenous :  true
[* 115, 1, 1, 230, 2,
    [ 115 ],
    [ 2, 5, 23 ]
*]
Decomp 1..
Decomp 2..
Decomps done.
isogenous :  true
[* 65, 3, 1, 130, 1,
    [ 3, 65 ],
    [ 2, 5, 13 ]
*]
Decomp 1..
Decomp 2..
Decomps done.
isogenous :  true
[* 26, 5, 26, 15, 4,
    [ 2 ],
    [ 2, 195 ]
*]
Decomp 1..
Decomp 2..
Decomps done.
isogenous :  true
[* 26, 5, 26, 15, 2,
    [ 65 ],
    [ 6, 65 ]
*]
Decomp 1..
Decomp 2..
Decomps done.
isogenous :  true
[* 26, 5, 26, 15, 2,
    [ 2, 5 ],
    [ 2, 5, 39 ]
*]
Decomp 1..
Decomp 2..
Decomps done.
isogenous :  true
[* 65, 2, 65, 6, 3,
    [ 2, 5 ],
    [ 2, 5, 39 ]
*]
Decomp 1..
Decomp 2..
Decomps done.
isogenous :  true
[* 65, 2, 65, 6, 3,
    [ 2, 13 ],
    [ 2, 13, 15 ]
*]
Decomp 1..
Decomp 2..
Decomps done.
isogenous :  true
[* 65, 2, 65, 6, 3,
    [ 10, 13 ],
    [ 2, 13, 15 ]
*]
Decomp 1..
Decomp 2..
Decomps done.
isogenous :  true
[* 65, 2, 65, 6, 3,
    [ 5, 26 ],
    [ 2, 5, 39 ]
*]
Decomp 1..
Decomp 2..
Decomps done.
isogenous :  true
[* 65, 2, 10, 39, 2,
    [ 5, 13 ],
    [ 5, 78 ]
*]
Decomp 1..
Decomp 2..
Decomps done.
isogenous :  true
[* 46, 3, 6, 115, 2,
    [ 2, 23 ],
    [ 2, 3, 115 ]
*]
Decomp 1..
Decomp 2..
Decomps done.
isogenous :  true
[* 69, 2, 6, 115, 2,
    [ 3, 23 ],
    [ 2, 3, 115 ]
*]
Decomp 1..
Decomp 2..
Decomps done.
isogenous :  true
[* 46, 3, 6, 161, 2,
    [ 2, 23 ],
    [ 2, 3, 161 ]
*]
Decomp 1..
Decomp 2..
Decomps done.
isogenous :  true
[* 69, 2, 6, 161, 2,
    [ 3, 23 ],
    [ 2, 3, 161 ]
*]
Decomp 1..
Decomp 2..
Decomps done.
isogenous :  true
[* 77, 2, 22, 21, 2,
    [ 7, 11 ],
    [ 2, 3, 11 ]
*]
Decomp 1..
Decomp 2..
Decomps done.
isogenous :  true
[* 14, 11, 22, 21, 2,
    [ 2, 7 ],
    [ 2, 3, 11 ]
*]
Decomp 1..
Decomp 2..
Decomps done.
isogenous :  true
[* 15, 22, 1, 165, 2,
    [ 2, 11, 15 ],
    [ 3, 5, 11 ]
*]
Decomp 1..
Decomp 2..
Decomps done.
isogenous :  true
[* 33, 10, 1, 165, 2,
    [ 2, 5, 33 ],
    [ 3, 5, 11 ]
*]
Decomp 1..
Decomp 2..
Decomps done.
isogenous :  true
[* 33, 5, 1, 330, 2,
    [ 5, 33 ],
    [ 2, 3, 5, 11 ]
*]
Decomp 1..
Decomp 2..
Decomps done.
isogenous :  true
[* 33, 5, 15, 22, 5,
    [ 3 ],
    [ 3, 10 ]
*]
Decomp 1..
Decomp 2..
Decomps done.
isogenous :  true
[* 33, 5, 15, 22, 5,
    [ 33 ],
    [ 15, 22 ]
*]
Decomp 1..
Decomp 2..
Decomps done.
isogenous :  true
[* 33, 5, 15, 22, 3,
    [ 3, 11 ],
    [ 2, 3, 5 ]
*]
Decomp 1..
Decomp 2..
Decomps done.
isogenous :  true
[* 33, 5, 15, 22, 3,
    [ 3, 11 ],
    [ 3, 5, 22 ]
*]
Decomp 1..
Decomp 2..
Decomps done.
isogenous :  true
[* 33, 5, 15, 22, 2,
    [ 3, 5 ],
    [ 3, 10, 11 ]
*]
Decomp 1..
Decomp 2..
Decomps done.
isogenous :  true
done  550  out of  661  candidates 
 -----------------
[* 33, 5, 15, 22, 2,
    [ 5, 33 ],
    [ 2, 11, 15 ]
*]
Decomp 1..
Decomp 2..
Decomps done.
isogenous :  true
[* 33, 5, 33, 10, 5,
    [ 5 ],
    [ 5, 66 ]
*]
Decomp 1..
Decomp 2..
Decomps done.
isogenous :  true
[* 55, 3, 1, 330, 2,
    [ 3, 55 ],
    [ 2, 3, 5, 11 ]
*]
Decomp 1..
Decomp 2..
Decomps done.
isogenous :  true
[* 55, 3, 15, 22, 3,
    [ 5, 11 ],
    [ 2, 3, 5 ]
*]
Decomp 1..
Decomp 2..
Decomps done.
isogenous :  true
[* 55, 3, 15, 22, 3,
    [ 5, 11 ],
    [ 3, 5, 22 ]
*]
Decomp 1..
Decomp 2..
Decomps done.
isogenous :  true
[* 55, 3, 15, 22, 2,
    [ 15, 33 ],
    [ 3, 10, 11 ]
*]
Decomp 1..
Decomp 2..
Decomps done.
isogenous :  true
[* 55, 3, 15, 22, 2,
    [ 3, 55 ],
    [ 2, 11, 15 ]
*]
Decomp 1..
Decomp 2..
Decomps done.
isogenous :  true
[* 55, 3, 33, 10, 3,
    [ 5, 11 ],
    [ 2, 3, 11 ]
*]
Decomp 1..
Decomp 2..
Decomps done.
isogenous :  true
[* 55, 3, 33, 10, 2,
    [ 15, 33 ],
    [ 3, 5, 22 ]
*]
Decomp 1..
Decomp 2..
Decomps done.
isogenous :  true
[* 55, 3, 33, 10, 2,
    [ 3, 55 ],
    [ 2, 5, 33 ]
*]
Decomp 1..
Decomp 2..
Decomps done.
isogenous :  true
[* 15, 11, 1, 330, 2,
    [ 11, 15 ],
    [ 2, 3, 5, 11 ]
*]
Decomp 1..
Decomp 2..
Decomps done.
isogenous :  true
[* 15, 11, 15, 22, 5,
    [ 11 ],
    [ 11, 30 ]
*]
Decomp 1..
Decomp 2..
Decomps done.
isogenous :  true
[* 15, 11, 33, 10, 5,
    [ 15 ],
    [ 2, 33 ]
*]
Decomp 1..
Decomp 2..
Decomps done.
isogenous :  true
[* 15, 11, 33, 10, 3,
    [ 3, 5 ],
    [ 2, 3, 11 ]
*]
Decomp 1..
Decomp 2..
Decomps done.
isogenous :  true
[* 15, 11, 33, 10, 2,
    [ 3, 11 ],
    [ 3, 5, 22 ]
*]
Decomp 1..
Decomp 2..
Decomps done.
isogenous :  true
[* 15, 11, 33, 10, 2,
    [ 11, 15 ],
    [ 2, 5, 33 ]
*]
Decomp 1..
Decomp 2..
Decomps done.
isogenous :  true
[* 85, 3, 1, 170, 2,
    [ 3, 85 ],
    [ 2, 5, 17 ]
*]
Decomp 1..
Decomp 2..
Decomps done.
isogenous :  true
[* 34, 5, 10, 51, 2,
    [ 2, 17 ],
    [ 2, 5, 51 ]
*]
Decomp 1..
Decomp 2..
Decomps done.
isogenous :  true
[* 85, 2, 85, 6, 9,
    [ 2 ],
    [ 2, 255 ]
*]
Decomp 1..
Decomp 2..
Decomps done.
isogenous :  true
[* 85, 2, 85, 6, 4,
    [ 2, 5 ],
    [ 2, 5, 51 ]
*]
Decomp 1..
Decomp 2..
Decomps done.
isogenous :  true
[* 85, 2, 85, 6, 4,
    [ 2, 17 ],
    [ 2, 15, 17 ]
*]
Decomp 1..
Decomp 2..
Decomps done.
isogenous :  true
[* 85, 2, 85, 6, 3,
    [ 2, 85 ],
    [ 2, 3, 85 ]
*]
Decomp 1..
Decomp 2..
Decomps done.
isogenous :  true
[* 26, 7, 26, 15, 2,
    [ 182 ],
    [ 6, 65 ]
*]
Decomp 1..
Decomp 2..
Decomps done.
isogenous :  true
[* 26, 7, 26, 21, 5,
    [ 2 ],
    [ 2, 273 ]
*]
Decomp 1..
Decomp 2..
Decomps done.
isogenous :  true
[* 26, 7, 26, 21, 3,
    [ 2, 7 ],
    [ 2, 7, 39 ]
*]
Decomp 1..
Decomp 2..
Decomps done.
isogenous :  true
[* 14, 13, 14, 39, 4,
    [ 7 ],
    [ 7, 78 ]
*]
Decomp 1..
Decomp 2..
Decomps done.
isogenous :  true
[* 14, 13, 14, 39, 4,
    [ 13 ],
    [ 13, 42 ]
*]
Decomp 1..
Decomp 2..
Decomps done.
isogenous :  true
[* 14, 13, 14, 39, 2,
    [ 7, 13 ],
    [ 6, 7, 13 ]
*]
Decomp 1..
Decomp 2..
Decomps done.
isogenous :  true
[* 10, 19, 38, 15, 3,
    [ 95 ],
    [ 3, 10, 38 ]
*]
Decomp 1..
Decomp 2..
Decomps done.
isogenous :  true
[* 38, 5, 38, 15, 2,
    [ 2, 5 ],
    [ 2, 5, 57 ]
*]
Decomp 1..
Decomp 2..
Decomps done.
isogenous :  true
[* 38, 5, 38, 15, 2,
    [ 2, 95 ],
    [ 2, 5, 57 ]
*]
Decomp 1..
Decomp 2..
Decomps done.
isogenous :  true
[* 38, 5, 38, 15, 2,
    [ 5, 19 ],
    [ 5, 6, 19 ]
*]
Decomp 1..
Decomp 2..
Decomps done.
isogenous :  true
[* 38, 5, 38, 15, 2,
    [ 10, 19 ],
    [ 5, 6, 19 ]
*]
Decomp 1..
Decomp 2..
Decomps done.
isogenous :  true
[* 38, 5, 10, 57, 2,
    [ 2, 19 ],
    [ 2, 285 ]
*]
Decomp 1..
Decomp 2..
Decomps done.
isogenous :  true
[* 15, 13, 15, 26, 5,
    [ 5 ],
    [ 5, 78 ]
*]
Decomp 1..
Decomp 2..
Decomps done.
isogenous :  true
[* 15, 13, 15, 26, 5,
    [ 39 ],
    [ 10, 39 ]
*]
Decomp 1..
Decomp 2..
Decomps done.
isogenous :  true
[* 15, 13, 15, 26, 2,
    [ 5, 13 ],
    [ 5, 6, 13 ]
*]
Decomp 1..
Decomp 2..
Decomps done.
isogenous :  true
[* 15, 13, 39, 10, 2,
    [ 3, 5 ],
    [ 3, 10, 13 ]
*]
Decomp 1..
Decomp 2..
Decomps done.
isogenous :  true
[* 65, 3, 15, 26, 2,
    [ 5, 13 ],
    [ 3, 5, 26 ]
*]
Decomp 1..
Decomp 2..
Decomps done.
isogenous :  true
[* 65, 3, 39, 10, 2,
    [ 5, 13 ],
    [ 3, 10, 13 ]
*]
Decomp 1..
Decomp 2..
Decomps done.
isogenous :  true
[* 39, 5, 15, 26, 2,
    [ 3, 13 ],
    [ 3, 5, 26 ]
*]
Decomp 1..
Decomp 2..
Decomps done.
isogenous :  true
[* 39, 5, 39, 10, 7,
    [ 3 ],
    [ 3, 130 ]
*]
Decomp 1..
Decomp 2..
Decomps done.
isogenous :  true
[* 39, 5, 39, 10, 7,
    [ 65 ],
    [ 6, 65 ]
*]
Decomp 1..
Decomp 2..
Decomps done.
isogenous :  true
[* 39, 5, 39, 10, 4,
    [ 5, 13 ],
    [ 5, 6, 13 ]
*]
Decomp 1..
Decomp 2..
Decomps done.
isogenous :  true
[* 39, 5, 39, 10, 3,
    [ 3, 5 ],
    [ 3, 5, 26 ]
*]
Decomp 1..
Decomp 2..
Decomps done.
isogenous :  true
[* 39, 5, 39, 10, 2,
    [ 3, 65 ],
    [ 2, 3, 65 ]
*]
Decomp 1..
Decomp 2..
Decomps done.
isogenous :  true
[* 15, 14, 15, 22, 2,
    [ 6, 7 ],
    [ 6, 55 ]
*]
Decomp 1..
Decomp 2..
Decomps done.
isogenous :  true
[* 21, 10, 21, 22, 2,
    [ 14, 15 ],
    [ 6, 154 ]
*]
Decomp 1..
Decomp 2..
Decomps done.
isogenous :  true
[* 15, 14, 15, 34, 2,
    [ 6, 7 ],
    [ 2, 255 ]
*]
Decomp 1..
Decomp 2..
Decomps done.
isogenous :  true
[* 14, 15, 14, 39, 2,
    [ 3, 35 ],
    [ 3, 182 ]
*]
Decomp 1..
Decomp 2..
Decomps done.
isogenous :  true
done  600  out of  661  candidates 
 -----------------
[* 14, 15, 14, 39, 2,
    [ 6, 35 ],
    [ 3, 182 ]
*]
Decomp 1..
Decomp 2..
Decomps done.
isogenous :  true
[* 46, 5, 10, 69, 4,
    [ 46 ],
    [ 5, 138 ]
*]
Decomp 1..
Decomp 2..
Decomps done.
isogenous :  true
[* 46, 5, 10, 69, 3,
    [ 2, 5 ],
    [ 2, 15, 23 ]
*]
Decomp 1..
Decomp 2..
Decomps done.
isogenous :  true
[* 46, 5, 10, 69, 2,
    [ 2, 23 ],
    [ 2, 5, 69 ]
*]
Decomp 1..
Decomp 2..
Decomps done.
isogenous :  true
[* 46, 5, 10, 69, 2,
    [ 10, 46 ],
    [ 5, 6, 23 ]
*]
Decomp 1..
Decomp 2..
Decomps done.
isogenous :  true
[* 115, 2, 10, 69, 2,
    [ 5, 23 ],
    [ 2, 5, 69 ]
*]
Decomp 1..
Decomp 2..
Decomps done.
isogenous :  true
[* 77, 3, 21, 22, 2,
    [ 7, 11 ],
    [ 3, 7, 22 ]
*]
Decomp 1..
Decomp 2..
Decomps done.
isogenous :  true
[* 33, 7, 33, 14, 7,
    [ 21 ],
    [ 21, 66 ]
*]
Decomp 1..
Decomp 2..
Decomps done.
isogenous :  true
[* 33, 7, 33, 14, 4,
    [ 7, 11 ],
    [ 6, 7, 11 ]
*]
Decomp 1..
Decomp 2..
Decomps done.
isogenous :  true
[* 33, 7, 21, 22, 5,
    [ 33 ],
    [ 7, 22 ]
*]
Decomp 1..
Decomp 2..
Decomps done.
isogenous :  true
[* 33, 7, 21, 22, 3,
    [ 21, 33 ],
    [ 2, 7, 11 ]
*]
Decomp 1..
Decomp 2..
Decomps done.
isogenous :  true
[* 33, 7, 21, 22, 2,
    [ 3, 11 ],
    [ 3, 7, 22 ]
*]
Decomp 1..
Decomp 2..
Decomps done.
isogenous :  true
[* 21, 11, 33, 14, 3,
    [ 7, 11 ],
    [ 2, 21, 33 ]
*]
Decomp 1..
Decomp 2..
Decomps done.
isogenous :  true
[* 21, 11, 21, 22, 7,
    [ 3 ],
    [ 3, 154 ]
*]
Decomp 1..
Decomp 2..
Decomps done.
isogenous :  true
[* 21, 11, 21, 22, 4,
    [ 3, 11 ],
    [ 3, 11, 14 ]
*]
Decomp 1..
Decomp 2..
Decomps done.
isogenous :  true
[* 14, 17, 14, 51, 3,
    [ 7, 17 ],
    [ 6, 7, 17 ]
*]
Decomp 1..
Decomp 2..
Decomps done.
isogenous :  true
[* 14, 17, 14, 85, 3,
    [ 7, 17 ],
    [ 7, 10, 17 ]
*]
Decomp 1..
Decomp 2..
Decomps done.
isogenous :  true
[* 15, 17, 15, 34, 7,
    [ 5 ],
    [ 5, 102 ]
*]
Decomp 1..
Decomp 2..
Decomps done.
isogenous :  true
[* 15, 17, 15, 34, 7,
    [ 17 ],
    [ 17, 30 ]
*]
Decomp 1..
Decomp 2..
Decomps done.
isogenous :  true
[* 15, 17, 15, 34, 3,
    [ 5, 17 ],
    [ 5, 6, 17 ]
*]
Decomp 1..
Decomp 2..
Decomps done.
isogenous :  true
[* 85, 3, 15, 34, 3,
    [ 5, 17 ],
    [ 3, 5, 34 ]
*]
Decomp 1..
Decomp 2..
Decomps done.
isogenous :  true
[* 51, 5, 15, 34, 3,
    [ 3, 17 ],
    [ 3, 5, 34 ]
*]
Decomp 1..
Decomp 2..
Decomps done.
isogenous :  true
[* 51, 5, 51, 10, 9,
    [ 15 ],
    [ 15, 34 ]
*]
Decomp 1..
Decomp 2..
Decomps done.
isogenous :  true
[* 51, 5, 51, 10, 5,
    [ 3, 5 ],
    [ 3, 5, 34 ]
*]
Decomp 1..
Decomp 2..
Decomps done.
isogenous :  true
[* 51, 5, 51, 10, 2,
    [ 15, 17 ],
    [ 2, 15, 17 ]
*]
Decomp 1..
Decomp 2..
Decomps done.
isogenous :  true
[* 38, 7, 14, 57, 2,
    [ 2, 19 ],
    [ 2, 7, 57 ]
*]
Decomp 1..
Decomp 2..
Decomps done.
isogenous :  true
[* 39, 7, 39, 10, 2,
    [ 3, 91 ],
    [ 2, 3, 65 ]
*]
Decomp 1..
Decomp 2..
Decomps done.
isogenous :  true
[* 91, 3, 91, 6, 6,
    [ 3, 7 ],
    [ 3, 7, 26 ]
*]
Decomp 1..
Decomp 2..
Decomps done.
isogenous :  true
[* 91, 3, 91, 6, 6,
    [ 3, 91 ],
    [ 2, 3, 91 ]
*]
Decomp 1..
Decomp 2..
Decomps done.
isogenous :  true
[* 91, 3, 91, 6, 5,
    [ 3, 13 ],
    [ 3, 13, 14 ]
*]
Decomp 1..
Decomp 2..
Decomps done.
isogenous :  true
[* 91, 3, 91, 6, 5,
    [ 13, 21 ],
    [ 3, 13, 14 ]
*]
Decomp 1..
Decomp 2..
Decomps done.
isogenous :  true
[* 91, 3, 91, 6, 13,
    [ 3 ],
    [ 3, 182 ]
*]
Decomp 1..
Decomp 2..
Decomps done.
isogenous :  true
[* 91, 3, 91, 6, 2,
    [ 3, 7, 13 ],
    [ 2, 3, 7, 13 ]
*]
Decomp 1..
Decomp 2..
Decomps done.
isogenous :  true
[* 21, 13, 21, 26, 7,
    [ 13 ],
    [ 13, 42 ]
*]
Decomp 1..
Decomp 2..
Decomps done.
isogenous :  true
[* 21, 13, 21, 26, 2,
    [ 3, 13 ],
    [ 3, 13, 14 ]
*]
Decomp 1..
Decomp 2..
Decomps done.
isogenous :  true
[* 39, 7, 21, 26, 4,
    [ 3, 13 ],
    [ 3, 7, 26 ]
*]
Decomp 1..
Decomp 2..
Decomps done.
isogenous :  true
[* 39, 7, 21, 26, 3,
    [ 7, 39 ],
    [ 2, 13, 21 ]
*]
Decomp 1..
Decomp 2..
Decomps done.
isogenous :  true
[* 39, 7, 21, 26, 2,
    [ 21, 39 ],
    [ 6, 7, 13 ]
*]
Decomp 1..
Decomp 2..
Decomps done.
isogenous :  true
[* 57, 5, 57, 10, 5,
    [ 3, 5 ],
    [ 3, 5, 38 ]
*]
Decomp 1..
Decomp 2..
Decomps done.
isogenous :  true
[* 57, 5, 57, 10, 5,
    [ 15, 57 ],
    [ 2, 15, 57 ]
*]
Decomp 1..
Decomp 2..
Decomps done.
isogenous :  true
[* 33, 10, 33, 14, 3,
    [ 6, 55 ],
    [ 6, 154 ]
*]
Decomp 1..
Decomp 2..
Decomps done.
isogenous :  true
[* 22, 15, 6, 77, 2,
    [ 5, 22 ],
    [ 3, 154 ]
*]
Decomp 1..
Decomp 2..
Decomps done.
isogenous :  true
[* 15, 22, 15, 34, 2,
    [ 6, 55 ],
    [ 2, 255 ]
*]
Decomp 1..
Decomp 2..
Decomps done.
isogenous :  true
[* 115, 3, 115, 6, 8,
    [ 15, 69 ],
    [ 2, 15, 69 ]
*]
Decomp 1..
Decomp 2..
Decomps done.
isogenous :  true
[* 115, 3, 115, 6, 7,
    [ 3, 5 ],
    [ 3, 5, 46 ]
*]
Decomp 1..
Decomp 2..
Decomps done.
isogenous :  true
[* 15, 23, 15, 46, 9,
    [ 5 ],
    [ 5, 138 ]
*]
Decomp 1..
Decomp 2..
Decomps done.
isogenous :  true
[* 15, 23, 15, 46, 4,
    [ 5, 69 ],
    [ 2, 5, 69 ]
*]
Decomp 1..
Decomp 2..
Decomps done.
isogenous :  true
[* 15, 23, 15, 46, 3,
    [ 5, 23 ],
    [ 5, 6, 23 ]
*]
Decomp 1..
Decomp 2..
Decomps done.
isogenous :  true
[* 21, 17, 21, 34, 9,
    [ 3 ],
    [ 3, 238 ]
*]
Decomp 1..
Decomp 2..
Decomps done.
isogenous :  true
[* 21, 17, 21, 34, 4,
    [ 3, 119 ],
    [ 2, 3, 119 ]
*]
Decomp 1..
Decomp 2..
Decomps done.
isogenous :  true
done  650  out of  661  candidates 
 -----------------
[* 21, 17, 21, 34, 3,
    [ 3, 17 ],
    [ 3, 14, 17 ]
*]
Decomp 1..
Decomp 2..
Decomps done.
isogenous :  true
[* 51, 7, 51, 14, 4,
    [ 3, 7 ],
    [ 3, 7, 34 ]
*]
Decomp 1..
Decomp 2..
Decomps done.
isogenous :  true
[* 77, 5, 77, 10, 6,
    [ 5, 11 ],
    [ 5, 11, 14 ]
*]
Decomp 1..
Decomp 2..
Decomps done.
isogenous :  true
[* 26, 15, 26, 21, 2,
    [ 3, 5, 13 ],
    [ 3, 13, 14 ]
*]
Decomp 1..
Decomp 2..
Decomps done.
isogenous :  true
[* 133, 3, 133, 6, 10,
    [ 3, 7 ],
    [ 3, 7, 38 ]
*]
Decomp 1..
Decomp 2..
Decomps done.
isogenous :  true
[* 133, 3, 133, 6, 3,
    [ 3, 7, 19 ],
    [ 2, 3, 7, 19 ]
*]
Decomp 1..
Decomp 2..
Decomps done.
isogenous :  true
[* 93, 5, 93, 10, 8,
    [ 3, 5 ],
    [ 3, 5, 62 ]
*]
Decomp 1..
Decomp 2..
Decomps done.
isogenous :  true
[* 21, 23, 21, 46, 7,
    [ 3, 23 ],
    [ 3, 14, 23 ]
*]
Decomp 1..
Decomp 2..
Decomps done.
isogenous :  true
[* 35, 17, 35, 34, 10,
    [ 7, 17 ],
    [ 7, 10, 17 ]
*]
Decomp 1..
Decomp 2..
Decomps done.
isogenous :  true
[* 21, 29, 21, 58, 8,
    [ 3, 29 ],
    [ 3, 14, 29 ]
*]
Decomp 1..
Decomp 2..
Decomps done.
isogenous :  true
[* 14, 51, 14, 85, 3,
    [ 6, 7, 17 ],
    [ 7, 10, 17 ]
*]
Decomp 1..
Decomp 2..
Decomps done.
isogenous :  true

Total time: 13047.329 seconds, Total memory usage: 563.19MB
